Archive member included to satisfy reference by file (symbol)

D:/PROGRA~2/STM32_~1/gcc_arm/bin/../lib/gcc/arm-none-eabi/14.3.1/../../../../arm-none-eabi/lib/thumb/v7e-m+fp/hard\libc_nano.a(libc_a-exit.o)
                              D:/PROGRA~2/STM32_~1/gcc_arm/bin/../lib/gcc/arm-none-eabi/14.3.1/../../../../arm-none-eabi/lib/thumb/v7e-m+fp/hard/crt0.o (exit)
D:/PROGRA~2/STM32_~1/gcc_arm/bin/../lib/gcc/arm-none-eabi/14.3.1/../../../../arm-none-eabi/lib/thumb/v7e-m+fp/hard\libc_nano.a(libc_a-findfp.o)
                              D:/PROGRA~2/STM32_~1/gcc_arm/bin/../lib/gcc/arm-none-eabi/14.3.1/../../../../arm-none-eabi/lib/thumb/v7e-m+fp/hard\libc_nano.a(libc_a-exit.o) (__stdio_exit_handler)
D:/PROGRA~2/STM32_~1/gcc_arm/bin/../lib/gcc/arm-none-eabi/14.3.1/../../../../arm-none-eabi/lib/thumb/v7e-m+fp/hard\libc_nano.a(libc_a-fwalk.o)
                              D:/PROGRA~2/STM32_~1/gcc_arm/bin/../lib/gcc/arm-none-eabi/14.3.1/../../../../arm-none-eabi/lib/thumb/v7e-m+fp/hard\libc_nano.a(libc_a-findfp.o) (_fwalk_sglue)
D:/PROGRA~2/STM32_~1/gcc_arm/bin/../lib/gcc/arm-none-eabi/14.3.1/../../../../arm-none-eabi/lib/thumb/v7e-m+fp/hard\libc_nano.a(libc_a-stdio.o)
                              D:/PROGRA~2/STM32_~1/gcc_arm/bin/../lib/gcc/arm-none-eabi/14.3.1/../../../../arm-none-eabi/lib/thumb/v7e-m+fp/hard\libc_nano.a(libc_a-findfp.o) (__sread)
D:/PROGRA~2/STM32_~1/gcc_arm/bin/../lib/gcc/arm-none-eabi/14.3.1/../../../../arm-none-eabi/lib/thumb/v7e-m+fp/hard\libc_nano.a(libc_a-memset.o)
                              D:/PROGRA~2/STM32_~1/gcc_arm/bin/../lib/gcc/arm-none-eabi/14.3.1/../../../../arm-none-eabi/lib/thumb/v7e-m+fp/hard/crt0.o (memset)
D:/PROGRA~2/STM32_~1/gcc_arm/bin/../lib/gcc/arm-none-eabi/14.3.1/../../../../arm-none-eabi/lib/thumb/v7e-m+fp/hard\libc_nano.a(libc_a-closer.o)
                              D:/PROGRA~2/STM32_~1/gcc_arm/bin/../lib/gcc/arm-none-eabi/14.3.1/../../../../arm-none-eabi/lib/thumb/v7e-m+fp/hard\libc_nano.a(libc_a-stdio.o) (_close_r)
D:/PROGRA~2/STM32_~1/gcc_arm/bin/../lib/gcc/arm-none-eabi/14.3.1/../../../../arm-none-eabi/lib/thumb/v7e-m+fp/hard\libc_nano.a(libc_a-reent.o)
                              D:/PROGRA~2/STM32_~1/gcc_arm/bin/../lib/gcc/arm-none-eabi/14.3.1/../../../../arm-none-eabi/lib/thumb/v7e-m+fp/hard\libc_nano.a(libc_a-closer.o) (errno)
D:/PROGRA~2/STM32_~1/gcc_arm/bin/../lib/gcc/arm-none-eabi/14.3.1/../../../../arm-none-eabi/lib/thumb/v7e-m+fp/hard\libc_nano.a(libc_a-impure.o)
                              D:/PROGRA~2/STM32_~1/gcc_arm/bin/../lib/gcc/arm-none-eabi/14.3.1/../../../../arm-none-eabi/lib/thumb/v7e-m+fp/hard\libc_nano.a(libc_a-reent.o) (_impure_ptr)
D:/PROGRA~2/STM32_~1/gcc_arm/bin/../lib/gcc/arm-none-eabi/14.3.1/../../../../arm-none-eabi/lib/thumb/v7e-m+fp/hard\libc_nano.a(libc_a-lseekr.o)
                              D:/PROGRA~2/STM32_~1/gcc_arm/bin/../lib/gcc/arm-none-eabi/14.3.1/../../../../arm-none-eabi/lib/thumb/v7e-m+fp/hard\libc_nano.a(libc_a-stdio.o) (_lseek_r)
D:/PROGRA~2/STM32_~1/gcc_arm/bin/../lib/gcc/arm-none-eabi/14.3.1/../../../../arm-none-eabi/lib/thumb/v7e-m+fp/hard\libc_nano.a(libc_a-readr.o)
                              D:/PROGRA~2/STM32_~1/gcc_arm/bin/../lib/gcc/arm-none-eabi/14.3.1/../../../../arm-none-eabi/lib/thumb/v7e-m+fp/hard\libc_nano.a(libc_a-stdio.o) (_read_r)
D:/PROGRA~2/STM32_~1/gcc_arm/bin/../lib/gcc/arm-none-eabi/14.3.1/../../../../arm-none-eabi/lib/thumb/v7e-m+fp/hard\libc_nano.a(libc_a-writer.o)
                              D:/PROGRA~2/STM32_~1/gcc_arm/bin/../lib/gcc/arm-none-eabi/14.3.1/../../../../arm-none-eabi/lib/thumb/v7e-m+fp/hard\libc_nano.a(libc_a-stdio.o) (_write_r)
D:/PROGRA~2/STM32_~1/gcc_arm/bin/../lib/gcc/arm-none-eabi/14.3.1/../../../../arm-none-eabi/lib/thumb/v7e-m+fp/hard\libc_nano.a(libc_a-init.o)
                              D:/PROGRA~2/STM32_~1/gcc_arm/bin/../lib/gcc/arm-none-eabi/14.3.1/../../../../arm-none-eabi/lib/thumb/v7e-m+fp/hard/crt0.o (__libc_init_array)
D:/PROGRA~2/STM32_~1/gcc_arm/bin/../lib/gcc/arm-none-eabi/14.3.1/../../../../arm-none-eabi/lib/thumb/v7e-m+fp/hard\libc_nano.a(libc_a-lock.o)
                              D:/PROGRA~2/STM32_~1/gcc_arm/bin/../lib/gcc/arm-none-eabi/14.3.1/../../../../arm-none-eabi/lib/thumb/v7e-m+fp/hard\libc_nano.a(libc_a-findfp.o) (__retarget_lock_init_recursive)
D:/PROGRA~2/STM32_~1/gcc_arm/bin/../lib/gcc/arm-none-eabi/14.3.1/../../../../arm-none-eabi/lib/thumb/v7e-m+fp/hard\libc_nano.a(libc_a-freer.o)
                              D:/PROGRA~2/STM32_~1/gcc_arm/bin/../lib/gcc/arm-none-eabi/14.3.1/../../../../arm-none-eabi/lib/thumb/v7e-m+fp/hard\libc_nano.a(libc_a-reent.o) (_free_r)
D:/PROGRA~2/STM32_~1/gcc_arm/bin/../lib/gcc/arm-none-eabi/14.3.1/../../../../arm-none-eabi/lib/thumb/v7e-m+fp/hard\libc_nano.a(libc_a-mallocr.o)
                              D:/PROGRA~2/STM32_~1/gcc_arm/bin/../lib/gcc/arm-none-eabi/14.3.1/../../../../arm-none-eabi/lib/thumb/v7e-m+fp/hard\libc_nano.a(libc_a-findfp.o) (_malloc_r)
[...]
Memory Configuration

Name             Origin             Length             Attributes
RAM              0x20000000         0x00020000         xrw
CCMRAM           0x10000000         0x00010000         xrw
FLASH            0x08000000         0x00100000         xr
*default*        0x00000000         0xffffffff

Linker script and memory map

LOAD D:/PROGRA~2/STM32_~1/gcc_arm/bin/../lib/gcc/arm-none-eabi/14.3.1/thumb/v7e-m+fp/hard/crti.o
LOAD D:/PROGRA~2/STM32_~1/gcc_arm/bin/../lib/gcc/arm-none-eabi/14.3.1/thumb/v7e-m+fp/hard/crtbegin.o
LOAD D:/PROGRA~2/STM32_~1/gcc_arm/bin/../lib/gcc/arm-none-eabi/14.3.1/../../../../arm-none-eabi/lib/thumb/v7e-m+fp/hard/crt0.o
START GROUP
LOAD D:/PROGRA~2/STM32_~1/gcc_arm/bin/../lib/gcc/arm-none-eabi/14.3.1/../../../../arm-none-eabi/lib/thumb/v7e-m+fp/hard\libc_nano.a
LOAD D:/PROGRA~2/STM32_~1/gcc_arm/bin/../lib/gcc/arm-none-eabi/14.3.1/../../../../arm-none-eabi/lib/thumb/v7e-m+fp/hard\libm.a
END GROUP
LOAD cmake/stm32cubemx/CMakeFiles/STM32_Drivers.dir/__/__/Core/Src/system_stm32f4xx.c.obj
LOAD cmake/stm32cubemx/CMakeFiles/STM32_Drivers.dir/__/__/Drivers/STM32F4xx_HAL_Driver/Src/stm32f4xx_hal_rcc.c.obj
LOAD cmake/stm32cubemx/CMakeFiles/STM32_Drivers.dir/__/__/Drivers/STM32F4xx_HAL_Driver/Src/stm32f4xx_hal_rcc_ex.c.obj
LOAD cmake/stm32cubemx/CMakeFiles/STM32_Drivers.dir/__/__/Drivers/STM32F4xx_HAL_Driver/Src/stm32f4xx_hal_flash.c.obj
LOAD cmake/stm32cubemx/CMakeFiles/STM32_Drivers.dir/__/__/Drivers/STM32F4xx_HAL_Driver/Src/stm32f4xx_hal_flash_ex.c.obj
LOAD cmake/stm32cubemx/CMakeFiles/STM32_Drivers.dir/__/__/Drivers/STM32F4xx_HAL_Driver/Src/stm32f4xx_hal_flash_ramfunc.c.obj
LOAD cmake/stm32cubemx/CMakeFiles/STM32_Drivers.dir/__/__/Drivers/STM32F4xx_HAL_Driver/Src/stm32f4xx_hal_gpio.c.obj
LOAD cmake/stm32cubemx/CMakeFiles/STM32_Drivers.dir/__/__/Drivers/STM32F4xx_HAL_Driver/Src/stm32f4xx_hal_dma_ex.c.obj
LOAD cmake/stm32cubemx/CMakeFiles/STM32_Drivers.dir/__/__/Drivers/STM32F4xx_HAL_Driver/Src/stm32f4xx_hal_dma.c.obj
LOAD cmake/stm32cubemx/CMakeFiles/STM32_Drivers.dir/__/__/Drivers/STM32F4xx_HAL_Driver/Src/stm32f4xx_hal_pwr.c.obj
LOAD cmake/stm32cubemx/CMakeFiles/STM32_Drivers.dir/__/__/Drivers/STM32F4xx_HAL_Driver/Src/stm32f4xx_hal_pwr_ex.c.obj
LOAD cmake/stm32cubemx/CMakeFiles/STM32_Drivers.dir/__/__/Drivers/STM32F4xx_HAL_Driver/Src/stm32f4xx_hal_cortex.c.obj
LOAD cmake/stm32cubemx/CMakeFiles/STM32_Drivers.dir/__/__/Drivers/STM32F4xx_HAL_Driver/Src/stm32f4xx_hal.c.obj
LOAD cmake/stm32cubemx/CMakeFiles/STM32_Drivers.dir/__/__/Drivers/STM32F4xx_HAL_Driver/Src/stm32f4xx_hal_exti.c.obj
LOAD CMakeFiles/frank_hou.dir/Core/Src/main.c.obj
LOAD CMakeFiles/frank_hou.dir/Core/Src/gpio.c.obj
LOAD CMakeFiles/frank_hou.dir/Core/Src/stm32f4xx_it.c.obj
LOAD CMakeFiles/frank_hou.dir/Core/Src/stm32f4xx_hal_msp.c.obj
LOAD CMakeFiles/frank_hou.dir/Core/Src/sysmem.c.obj
LOAD CMakeFiles/frank_hou.dir/Core/Src/syscalls.c.obj
LOAD CMakeFiles/frank_hou.dir/startup_stm32f407xx.s.obj
LOAD CMakeFiles/frank_hou.dir/Core/test_1/test.c.obj
START GROUP
LOAD D:/PROGRA~2/STM32_~1/gcc_arm/bin/../lib/gcc/arm-none-eabi/14.3.1/thumb/v7e-m+fp/hard\libgcc.a
LOAD D:/PROGRA~2/STM32_~1/gcc_arm/bin/../lib/gcc/arm-none-eabi/14.3.1/../../../../arm-none-eabi/lib/thumb/v7e-m+fp/hard\libg_nano.a
LOAD D:/PROGRA~2/STM32_~1/gcc_arm/bin/../lib/gcc/arm-none-eabi/14.3.1/../../../../arm-none-eabi/lib/thumb/v7e-m+fp/hard\libc_nano.a
END GROUP
START GROUP
LOAD D:/PROGRA~2/STM32_~1/gcc_arm/bin/../lib/gcc/arm-none-eabi/14.3.1/thumb/v7e-m+fp/hard\libgcc.a
LOAD D:/PROGRA~2/STM32_~1/gcc_arm/bin/../lib/gcc/arm-none-eabi/14.3.1/../../../../arm-none-eabi/lib/thumb/v7e-m+fp/hard\libc_nano.a
END GROUP
LOAD D:/PROGRA~2/STM32_~1/gcc_arm/bin/../lib/gcc/arm-none-eabi/14.3.1/thumb/v7e-m+fp/hard/crtend.o
LOAD D:/PROGRA~2/STM32_~1/gcc_arm/bin/../lib/gcc/arm-none-eabi/14.3.1/thumb/v7e-m+fp/hard/crtn.o
                0x20020000                        _estack = (ORIGIN (RAM) + LENGTH (RAM))
                0x00000200                        _Min_Heap_Size = 0x200
                0x00000400                        _Min_Stack_Size = 0x400

.isr_vector     0x08000000      0x188
                0x08000000                        . = ALIGN (0x4)
 *(.isr_vector)
 .isr_vector    0x08000000      0x188 CMakeFiles/frank_hou.dir/startup_stm32f407xx.s.obj
                0x08000000                g_pfnVectors
                0x08000188                        . = ALIGN (0x4)

.text           0x08000188     0x17dc
                0x08000188                        . = ALIGN (0x4)
 *(.text)
 .text          0x08000188       0x30 D:/PROGRA~2/STM32_~1/gcc_arm/bin/../lib/gcc/arm-none-eabi/14.3.1/thumb/v7e-m+fp/hard\libgcc.a(_aeabi_uldivmod.o)
                0x08000188                __aeabi_uldivmod
 .text          0x080001b8        0x4 D:/PROGRA~2/STM32_~1/gcc_arm/bin/../lib/gcc/arm-none-eabi/14.3.1/thumb/v7e-m+fp/hard\libgcc.a(_dvmd_tls.o)
                0x080001b8                __aeabi_idiv0
                0x080001b8                __aeabi_ldiv0
 *(.text*)
 .text.deregister_tm_clones
                0x080001bc       0x1c D:/PROGRA~2/STM32_~1/gcc_arm/bin/../lib/gcc/arm-none-eabi/14.3.1/thumb/v7e-m+fp/hard/crtbegin.o
 .text.register_tm_clones
                0x080001d8       0x24 D:/PROGRA~2/STM32_~1/gcc_arm/bin/../lib/gcc/arm-none-eabi/14.3.1/thumb/v7e-m+fp/hard/crtbegin.o
 .text.__do_global_dtors_aux
                0x080001fc       0x28 D:/PROGRA~2/STM32_~1/gcc_arm/bin/../lib/gcc/arm-none-eabi/14.3.1/thumb/v7e-m+fp/hard/crtbegin.o
 .text.frame_dummy
                0x08000224       0x24 D:/PROGRA~2/STM32_~1/gcc_arm/bin/../lib/gcc/arm-none-eabi/14.3.1/thumb/v7e-m+fp/hard/crtbegin.o
 .text.memset   0x08000248       0x10 D:/PROGRA~2/STM32_~1/gcc_arm/bin/../lib/gcc/arm-none-eabi/14.3.1/../../../../arm-none-eabi/lib/thumb/v7e-m+fp/hard\libc_nano.a(libc_a-memset.o)
                0x08000248                memset
 .text.__libc_init_array
                0x08000258       0x48 D:/PROGRA~2/STM32_~1/gcc_arm/bin/../lib/gcc/arm-none-eabi/14.3.1/../../../../arm-none-eabi/lib/thumb/v7e-m+fp/hard\libc_nano.a(libc_a-init.o)
                0x08000258                __libc_init_array
 .text.SystemInit
                0x080002a0       0x24 cmake/stm32cubemx/CMakeFiles/STM32_Drivers.dir/__/__/Core/Src/system_stm32f4xx.c.obj
                0x080002a0                SystemInit
 .text.HAL_RCC_OscConfig
                0x080002c4      0x4f0 cmake/stm32cubemx/CMakeFiles/STM32_Drivers.dir/__/__/Drivers/STM32F4xx_HAL_Driver/Src/stm32f4xx_hal_rcc.c.obj
                0x080002c4                HAL_RCC_OscConfig
 .text.HAL_RCC_ClockConfig
                0x080007b4      0x1cc cmake/stm32cubemx/CMakeFiles/STM32_Drivers.dir/__/__/Drivers/STM32F4xx_HAL_Driver/Src/stm32f4xx_hal_rcc.c.obj
                0x080007b4                HAL_RCC_ClockConfig
 .text.HAL_RCC_GetSysClockFreq
                0x08000980      0x188 cmake/stm32cubemx/CMakeFiles/STM32_Drivers.dir/__/__/Drivers/STM32F4xx_HAL_Driver/Src/stm32f4xx_hal_rcc.c.obj
                0x08000980                HAL_RCC_GetSysClockFreq
 .text.HAL_GPIO_Init
                0x08000b08      0x338 cmake/stm32cubemx/CMakeFiles/STM32_Drivers.dir/__/__/Drivers/STM32F4xx_HAL_Driver/Src/stm32f4xx_hal_gpio.c.obj
                0x08000b08                HAL_GPIO_Init
 .text.HAL_GPIO_ReadPin
                0x08000e40       0x30 cmake/stm32cubemx/CMakeFiles/STM32_Drivers.dir/__/__/Drivers/STM32F4xx_HAL_Driver/Src/stm32f4xx_hal_gpio.c.obj
                0x08000e40                HAL_GPIO_ReadPin
 .text.HAL_GPIO_WritePin
                0x08000e70       0x32 cmake/stm32cubemx/CMakeFiles/STM32_Drivers.dir/__/__/Drivers/STM32F4xx_HAL_Driver/Src/stm32f4xx_hal_gpio.c.obj
                0x08000e70                HAL_GPIO_WritePin
 .text.HAL_GPIO_TogglePin
                0x08000ea2       0x34 cmake/stm32cubemx/CMakeFiles/STM32_Drivers.dir/__/__/Drivers/STM32F4xx_HAL_Driver/Src/stm32f4xx_hal_gpio.c.obj
                0x08000ea2                HAL_GPIO_TogglePin
 *fill*         0x08000ed6        0x2 
 .text.__NVIC_SetPriorityGrouping
                0x08000ed8       0x48 cmake/stm32cubemx/CMakeFiles/STM32_Drivers.dir/__/__/Drivers/STM32F4xx_HAL_Driver/Src/stm32f4xx_hal_cortex.c.obj
 .text.__NVIC_GetPriorityGrouping
                0x08000f20       0x1c cmake/stm32cubemx/CMakeFiles/STM32_Drivers.dir/__/__/Drivers/STM32F4xx_HAL_Driver/Src/stm32f4xx_hal_cortex.c.obj
 .text.__NVIC_SetPriority
                0x08000f3c       0x54 cmake/stm32cubemx/CMakeFiles/STM32_Drivers.dir/__/__/Drivers/STM32F4xx_HAL_Driver/Src/stm32f4xx_hal_cortex.c.obj
 .text.NVIC_EncodePriority
                0x08000f90       0x66 cmake/stm32cubemx/CMakeFiles/STM32_Drivers.dir/__/__/Drivers/STM32F4xx_HAL_Driver/Src/stm32f4xx_hal_cortex.c.obj
 *fill*         0x08000ff6        0x2 
 .text.SysTick_Config
                0x08000ff8       0x44 cmake/stm32cubemx/CMakeFiles/STM32_Drivers.dir/__/__/Drivers/STM32F4xx_HAL_Driver/Src/stm32f4xx_hal_cortex.c.obj
 .text.HAL_NVIC_SetPriorityGrouping
                0x0800103c       0x16 cmake/stm32cubemx/CMakeFiles/STM32_Drivers.dir/__/__/Drivers/STM32F4xx_HAL_Driver/Src/stm32f4xx_hal_cortex.c.obj
                0x0800103c                HAL_NVIC_SetPriorityGrouping
 .text.HAL_NVIC_SetPriority
                0x08001052       0x38 cmake/stm32cubemx/CMakeFiles/STM32_Drivers.dir/__/__/Drivers/STM32F4xx_HAL_Driver/Src/stm32f4xx_hal_cortex.c.obj
                0x08001052                HAL_NVIC_SetPriority
 .text.HAL_SYSTICK_Config
                0x0800108a       0x18 cmake/stm32cubemx/CMakeFiles/STM32_Drivers.dir/__/__/Drivers/STM32F4xx_HAL_Driver/Src/stm32f4xx_hal_cortex.c.obj
                0x0800108a                HAL_SYSTICK_Config
 *fill*         0x080010a2        0x2 
 .text.HAL_Init
                0x080010a4       0x44 cmake/stm32cubemx/CMakeFiles/STM32_Drivers.dir/__/__/Drivers/STM32F4xx_HAL_Driver/Src/stm32f4xx_hal.c.obj
                0x080010a4                HAL_Init
 .text.HAL_InitTick
                0x080010e8       0x60 cmake/stm32cubemx/CMakeFiles/STM32_Drivers.dir/__/__/Drivers/STM32F4xx_HAL_Driver/Src/stm32f4xx_hal.c.obj
                0x080010e8                HAL_InitTick
 .text.HAL_IncTick
                0x08001148       0x28 cmake/stm32cubemx/CMakeFiles/STM32_Drivers.dir/__/__/Drivers/STM32F4xx_HAL_Driver/Src/stm32f4xx_hal.c.obj
                0x08001148                HAL_IncTick
 .text.HAL_GetTick
                0x08001170       0x18 cmake/stm32cubemx/CMakeFiles/STM32_Drivers.dir/__/__/Drivers/STM32F4xx_HAL_Driver/Src/stm32f4xx_hal.c.obj
                0x08001170                HAL_GetTick
 .text.HAL_Delay
                0x08001188       0x48 cmake/stm32cubemx/CMakeFiles/STM32_Drivers.dir/__/__/Drivers/STM32F4xx_HAL_Driver/Src/stm32f4xx_hal.c.obj
                0x08001188                HAL_Delay
 .text.main     0x080011d0      0x180 CMakeFiles/frank_hou.dir/Core/Src/main.c.obj
                0x080011d0                main
 .text.SystemClock_Config
                0x08001350       0xd4 CMakeFiles/frank_hou.dir/Core/Src/main.c.obj
                0x08001350                SystemClock_Config
 .text.Error_Handler
                0x08001424        0xc CMakeFiles/frank_hou.dir/Core/Src/main.c.obj
                0x08001424                Error_Handler
 .text.MX_GPIO_Init
                0x08001430      0x120 CMakeFiles/frank_hou.dir/Core/Src/gpio.c.obj
                0x08001430                MX_GPIO_Init
 .text.NMI_Handler
                0x08001550        0x8 CMakeFiles/frank_hou.dir/Core/Src/stm32f4xx_it.c.obj
                0x08001550                NMI_Handler
 .text.HardFault_Handler
                0x08001558        0x8 CMakeFiles/frank_hou.dir/Core/Src/stm32f4xx_it.c.obj
                0x08001558                HardFault_Handler
 .text.MemManage_Handler
                0x08001560        0x8 CMakeFiles/frank_hou.dir/Core/Src/stm32f4xx_it.c.obj
                0x08001560                MemManage_Handler
 .text.BusFault_Handler
                0x08001568        0x8 CMakeFiles/frank_hou.dir/Core/Src/stm32f4xx_it.c.obj
                0x08001568                BusFault_Handler
 .text.UsageFault_Handler
                0x08001570        0x8 CMakeFiles/frank_hou.dir/Core/Src/stm32f4xx_it.c.obj
                0x08001570                UsageFault_Handler
 .text.SVC_Handler
                0x08001578        0xe CMakeFiles/frank_hou.dir/Core/Src/stm32f4xx_it.c.obj
                0x08001578                SVC_Handler
 .text.DebugMon_Handler
                0x08001586        0xe CMakeFiles/frank_hou.dir/Core/Src/stm32f4xx_it.c.obj
                0x08001586                DebugMon_Handler
 .text.PendSV_Handler
                0x08001594        0xe CMakeFiles/frank_hou.dir/Core/Src/stm32f4xx_it.c.obj
                0x08001594                PendSV_Handler
 .text.SysTick_Handler
                0x080015a2        0xc CMakeFiles/frank_hou.dir/Core/Src/stm32f4xx_it.c.obj
                0x080015a2                SysTick_Handler
 *fill*         0x080015ae        0x2 
 .text.HAL_MspInit
                0x080015b0       0x50 CMakeFiles/frank_hou.dir/Core/Src/stm32f4xx_hal_msp.c.obj
                0x080015b0                HAL_MspInit
 .text.Reset_Handler
                0x08001600       0x50 CMakeFiles/frank_hou.dir/startup_stm32f407xx.s.obj
                0x08001600                Reset_Handler
 .text.Default_Handler
                0x08001650        0x2 CMakeFiles/frank_hou.dir/startup_stm32f407xx.s.obj
                0x08001650                RTC_Alarm_IRQHandler
                0x08001650                HASH_RNG_IRQHandler
                0x08001650                EXTI2_IRQHandler
                0x08001650                TIM8_CC_IRQHandler
                0x08001650                TIM1_CC_IRQHandler
                0x08001650                DMA2_Stream5_IRQHandler
                0x08001650                DMA1_Stream5_IRQHandler
                0x08001650                PVD_IRQHandler
                0x08001650                SDIO_IRQHandler
                0x08001650                TAMP_STAMP_IRQHandler
                0x08001650                CAN2_RX1_IRQHandler
                0x08001650                EXTI3_IRQHandler
                0x08001650                TIM8_TRG_COM_TIM14_IRQHandler
                0x08001650                TIM1_UP_TIM10_IRQHandler
                0x08001650                TIM8_UP_TIM13_IRQHandler
                0x08001650                I2C3_ER_IRQHandler
                0x08001650                EXTI0_IRQHandler
                0x08001650                I2C2_EV_IRQHandler
                0x08001650                DMA1_Stream2_IRQHandler
                0x08001650                CAN1_RX0_IRQHandler
                0x08001650                FPU_IRQHandler
                0x08001650                OTG_HS_WKUP_IRQHandler
                0x08001650                CAN2_SCE_IRQHandler
                0x08001650                DMA2_Stream2_IRQHandler
                0x08001650                SPI1_IRQHandler
                0x08001650                TIM6_DAC_IRQHandler
                0x08001650                TIM1_BRK_TIM9_IRQHandler
                0x08001650                DCMI_IRQHandler
                0x08001650                CAN2_RX0_IRQHandler
                0x08001650                DMA2_Stream3_IRQHandler
                0x08001650                USART6_IRQHandler
                0x08001650                USART3_IRQHandler
                0x08001650                CAN1_RX1_IRQHandler
                0x08001650                UART5_IRQHandler
                0x08001650                DMA2_Stream0_IRQHandler
                0x08001650                TIM4_IRQHandler
                0x08001650                I2C1_EV_IRQHandler
                0x08001650                DMA1_Stream6_IRQHandler
                0x08001650                DMA1_Stream1_IRQHandler
                0x08001650                UART4_IRQHandler
                0x08001650                TIM3_IRQHandler
                0x08001650                RCC_IRQHandler
                0x08001650                TIM8_BRK_TIM12_IRQHandler
                0x08001650                Default_Handler
                0x08001650                EXTI15_10_IRQHandler
                0x08001650                ADC_IRQHandler
                0x08001650                DMA1_Stream7_IRQHandler
                0x08001650                TIM7_IRQHandler
                0x08001650                CAN2_TX_IRQHandler
                0x08001650                TIM5_IRQHandler
                0x08001650                DMA2_Stream7_IRQHandler
                0x08001650                I2C3_EV_IRQHandler
                0x08001650                EXTI9_5_IRQHandler
                0x08001650                RTC_WKUP_IRQHandler
                0x08001650                ETH_WKUP_IRQHandler
                0x08001650                SPI2_IRQHandler
                0x08001650                OTG_HS_EP1_IN_IRQHandler
                0x08001650                DMA1_Stream0_IRQHandler
                0x08001650                CAN1_TX_IRQHandler
                0x08001650                EXTI4_IRQHandler
                0x08001650                FSMC_IRQHandler
                0x08001650                ETH_IRQHandler
                0x08001650                OTG_HS_EP1_OUT_IRQHandler
                0x08001650                WWDG_IRQHandler
                0x08001650                TIM2_IRQHandler
                0x08001650                OTG_FS_WKUP_IRQHandler
                0x08001650                TIM1_TRG_COM_TIM11_IRQHandler
                0x08001650                OTG_HS_IRQHandler
                0x08001650                EXTI1_IRQHandler
                0x08001650                USART2_IRQHandler
                0x08001650                I2C2_ER_IRQHandler
                0x08001650                DMA2_Stream1_IRQHandler
                0x08001650                CAN1_SCE_IRQHandler
                0x08001650                FLASH_IRQHandler
                0x08001650                DMA2_Stream4_IRQHandler
                0x08001650                USART1_IRQHandler
                0x08001650                OTG_FS_IRQHandler
                0x08001650                SPI3_IRQHandler
                0x08001650                DMA1_Stream4_IRQHandler
                0x08001650                I2C1_ER_IRQHandler
                0x08001650                DMA2_Stream6_IRQHandler
                0x08001650                DMA1_Stream3_IRQHandler
 *fill*         0x08001652        0x2 
 .text.__udivmoddi4
                0x08001654      0x2f8 D:/PROGRA~2/STM32_~1/gcc_arm/bin/../lib/gcc/arm-none-eabi/14.3.1/thumb/v7e-m+fp/hard\libgcc.a(_udivmoddi4.o)
                0x08001654                __udivmoddi4
 *(.glue_7)
 .glue_7        0x0800194c        0x0 linker stubs
 *(.glue_7t)
 .glue_7t       0x0800194c        0x0 linker stubs
 *(.eh_frame)
 .eh_frame      0x0800194c        0x0 D:/PROGRA~2/STM32_~1/gcc_arm/bin/../lib/gcc/arm-none-eabi/14.3.1/thumb/v7e-m+fp/hard/crtbegin.o
 *(.init)
 .init          0x0800194c        0x4 D:/PROGRA~2/STM32_~1/gcc_arm/bin/../lib/gcc/arm-none-eabi/14.3.1/thumb/v7e-m+fp/hard/crti.o
                0x0800194c                _init
 .init          0x08001950        0x8 D:/PROGRA~2/STM32_~1/gcc_arm/bin/../lib/gcc/arm-none-eabi/14.3.1/thumb/v7e-m+fp/hard/crtn.o
 *(.fini)
 .fini          0x08001958        0x4 D:/PROGRA~2/STM32_~1/gcc_arm/bin/../lib/gcc/arm-none-eabi/14.3.1/thumb/v7e-m+fp/hard/crti.o
                0x08001958                _fini
 .fini          0x0800195c        0x8 D:/PROGRA~2/STM32_~1/gcc_arm/bin/../lib/gcc/arm-none-eabi/14.3.1/thumb/v7e-m+fp/hard/crtn.o
                0x08001964                        . = ALIGN (0x4)
                0x08001964                        _etext = .

.vfp11_veneer   0x08001964        0x0
 .vfp11_veneer  0x08001964        0x0 linker stubs

.v4_bx          0x08001964        0x0
 .v4_bx         0x08001964        0x0 linker stubs

.iplt           0x08001964        0x0
 .iplt          0x08001964        0x0 D:/PROGRA~2/STM32_~1/gcc_arm/bin/../lib/gcc/arm-none-eabi/14.3.1/thumb/v7e-m+fp/hard/crtbegin.o

.rodata         0x08001964       0x10
                0x08001964                        . = ALIGN (0x4)
 *(.rodata)
 *(.rodata*)
 .rodata.AHBPrescTable
                0x08001964       0x10 cmake/stm32cubemx/CMakeFiles/STM32_Drivers.dir/__/__/Core/Src/system_stm32f4xx.c.obj
                0x08001964                AHBPrescTable
                0x08001974                        . = ALIGN (0x4)

.ARM.extab      0x08001974        0x0
                0x08001974                        . = ALIGN (0x4)
 *(.ARM.extab* .gnu.linkonce.armextab.*)
                0x08001974                        . = ALIGN (0x4)

.ARM            0x08001974        0x8
                0x08001974                        . = ALIGN (0x4)
                0x08001974                        __exidx_start = .
 *(.ARM.exidx*)
 .ARM.exidx.text.__udivmoddi4
                0x08001974        0x8 D:/PROGRA~2/STM32_~1/gcc_arm/bin/../lib/gcc/arm-none-eabi/14.3.1/thumb/v7e-m+fp/hard\libgcc.a(_udivmoddi4.o)
                0x0800197c                        __exidx_end = .
                0x0800197c                        . = ALIGN (0x4)

.preinit_array  0x0800197c        0x0
                0x0800197c                        . = ALIGN (0x4)
                0x0800197c                        PROVIDE (__preinit_array_start = .)
 *(.preinit_array*)
                0x0800197c                        PROVIDE (__preinit_array_end = .)
                0x0800197c                        . = ALIGN (0x4)

.init_array     0x0800197c        0x4
                0x0800197c                        . = ALIGN (0x4)
                0x0800197c                        PROVIDE (__init_array_start = .)
 *(SORT_BY_NAME(.init_array.*))
 *(.init_array*)
 .init_array    0x0800197c        0x4 D:/PROGRA~2/STM32_~1/gcc_arm/bin/../lib/gcc/arm-none-eabi/14.3.1/thumb/v7e-m+fp/hard/crtbegin.o
                0x08001980                        PROVIDE (__init_array_end = .)
                0x08001980                        . = ALIGN (0x4)

.fini_array     0x08001980        0x4
                0x08001980                        . = ALIGN (0x4)
                [!provide]                        PROVIDE (__fini_array_start = .)
 *(SORT_BY_NAME(.fini_array.*))
 *(.fini_array*)
 .fini_array    0x08001980        0x4 D:/PROGRA~2/STM32_~1/gcc_arm/bin/../lib/gcc/arm-none-eabi/14.3.1/thumb/v7e-m+fp/hard/crtbegin.o
                [!provide]                        PROVIDE (__fini_array_end = .)
                0x08001984                        . = ALIGN (0x4)
                0x08001984                        _sidata = LOADADDR (.data)

.rel.dyn        0x08001984        0x0
 .rel.iplt      0x08001984        0x0 D:/PROGRA~2/STM32_~1/gcc_arm/bin/../lib/gcc/arm-none-eabi/14.3.1/thumb/v7e-m+fp/hard/crtbegin.o

.data           0x20000000        0xc load address 0x08001984
                0x20000000                        . = ALIGN (0x4)
                0x20000000                        _sdata = .
 *(.data)
 *(.data*)
 .data.SystemCoreClock
                0x20000000        0x4 cmake/stm32cubemx/CMakeFiles/STM32_Drivers.dir/__/__/Core/Src/system_stm32f4xx.c.obj
                0x20000000                SystemCoreClock
 .data.uwTickPrio
                0x20000004        0x4 cmake/stm32cubemx/CMakeFiles/STM32_Drivers.dir/__/__/Drivers/STM32F4xx_HAL_Driver/Src/stm32f4xx_hal.c.obj
                0x20000004                uwTickPrio
 .data.uwTickFreq
                0x20000008        0x1 cmake/stm32cubemx/CMakeFiles/STM32_Drivers.dir/__/__/Drivers/STM32F4xx_HAL_Driver/Src/stm32f4xx_hal.c.obj
                0x20000008                uwTickFreq
 *(.RamFunc)
 *(.RamFunc*)
                0x2000000c                        . = ALIGN (0x4)
 *fill*         0x20000009        0x3 
                0x2000000c                        _edata = .
                0x08001990                        _siccmram = LOADADDR (.ccmram)

.tm_clone_table
                0x2000000c        0x0 load address 0x08001990
 .tm_clone_table
                0x2000000c        0x0 D:/PROGRA~2/STM32_~1/gcc_arm/bin/../lib/gcc/arm-none-eabi/14.3.1/thumb/v7e-m+fp/hard/crtbegin.o
 .tm_clone_table
                0x2000000c        0x0 D:/PROGRA~2/STM32_~1/gcc_arm/bin/../lib/gcc/arm-none-eabi/14.3.1/thumb/v7e-m+fp/hard/crtend.o

.igot.plt       0x2000000c        0x0 load address 0x08001990
 .igot.plt      0x2000000c        0x0 D:/PROGRA~2/STM32_~1/gcc_arm/bin/../lib/gcc/arm-none-eabi/14.3.1/thumb/v7e-m+fp/hard/crtbegin.o

.ccmram         0x10000000        0x0 load address 0x08001990
                0x10000000                        . = ALIGN (0x4)
                0x10000000                        _sccmram = .
 *(.ccmram)
 *(.ccmram*)
                0x10000000                        . = ALIGN (0x4)
                0x10000000                        _eccmram = .
                0x10000000                        . = ALIGN (0x4)

.bss            0x2000000c       0x2c
                0x2000000c                        _sbss = .
                0x2000000c                        __bss_start__ = _sbss
 *(.bss)
 *(.bss*)
 .bss.completed.1
                0x2000000c        0x1 D:/PROGRA~2/STM32_~1/gcc_arm/bin/../lib/gcc/arm-none-eabi/14.3.1/thumb/v7e-m+fp/hard/crtbegin.o
 *fill*         0x2000000d        0x3 
 .bss.object.0  0x20000010       0x18 D:/PROGRA~2/STM32_~1/gcc_arm/bin/../lib/gcc/arm-none-eabi/14.3.1/thumb/v7e-m+fp/hard/crtbegin.o
 .bss.uwTick    0x20000028        0x4 cmake/stm32cubemx/CMakeFiles/STM32_Drivers.dir/__/__/Drivers/STM32F4xx_HAL_Driver/Src/stm32f4xx_hal.c.obj
                0x20000028                uwTick
 .bss.led0_state
                0x2000002c        0x1 CMakeFiles/frank_hou.dir/Core/Src/main.c.obj
                0x2000002c                led0_state
 .bss.led2_state
                0x2000002d        0x1 CMakeFiles/frank_hou.dir/Core/Src/main.c.obj
                0x2000002d                led2_state
 .bss.beep_state
                0x2000002e        0x1 CMakeFiles/frank_hou.dir/Core/Src/main.c.obj
                0x2000002e                beep_state
 *fill*         0x2000002f        0x1 
 .bss.led0_timer
                0x20000030        0x4 CMakeFiles/frank_hou.dir/Core/Src/main.c.obj
                0x20000030                led0_timer
 .bss.led2_timer
                0x20000034        0x4 CMakeFiles/frank_hou.dir/Core/Src/main.c.obj
                0x20000034                led2_timer
 *(COMMON)
                0x20000038                        . = ALIGN (0x4)
                0x20000038                        _ebss = .
                0x20000038                        __bss_end__ = _ebss

._user_heap_stack
                0x20000038      0x600
                0x20000038                        . = ALIGN (0x8)
                [!provide]                        PROVIDE (end = .)
                0x20000038                        PROVIDE (_end = .)
                0x20000238                        . = (. + _Min_Heap_Size)
 *fill*         0x20000038      0x200 
                0x20000638                        . = (. + _Min_Stack_Size)
 *fill*         0x20000238      0x400 
                0x20000638                        . = ALIGN (0x8)

/DISCARD/
 libc.a(*)
 libm.a(*)
 libgcc.a(*)
OUTPUT(frank_hou.elf elf32-littlearm)
LOAD linker stubs
LOAD D:/PROGRA~2/STM32_~1/gcc_arm/bin/../lib/gcc/arm-none-eabi/14.3.1/../../../../arm-none-eabi/lib/thumb/v7e-m+fp/hard\libc.a
LOAD D:/PROGRA~2/STM32_~1/gcc_arm/bin/../lib/gcc/arm-none-eabi/14.3.1/../../../../arm-none-eabi/lib/thumb/v7e-m+fp/hard\libm.a
LOAD D:/PROGRA~2/STM32_~1/gcc_arm/bin/../lib/gcc/arm-none-eabi/14.3.1/thumb/v7e-m+fp/hard\libgcc.a

.ARM.attributes
                0x00000000       0x30
 .ARM.attributes
                0x00000000       0x22 D:/PROGRA~2/STM32_~1/gcc_arm/bin/../lib/gcc/arm-none-eabi/14.3.1/thumb/v7e-m+fp/hard/crti.o
 .ARM.attributes
                0x00000022       0x34 D:/PROGRA~2/STM32_~1/gcc_arm/bin/../lib/gcc/arm-none-eabi/14.3.1/thumb/v7e-m+fp/hard/crtbegin.o
 .ARM.attributes
                0x00000056       0x34 D:/PROGRA~2/STM32_~1/gcc_arm/bin/../lib/gcc/arm-none-eabi/14.3.1/../../../../arm-none-eabi/lib/thumb/v7e-m+fp/hard\libc_nano.a(libc_a-memset.o)
 .ARM.attributes
                0x0000008a       0x34 D:/PROGRA~2/STM32_~1/gcc_arm/bin/../lib/gcc/arm-none-eabi/14.3.1/../../../../arm-none-eabi/lib/thumb/v7e-m+fp/hard\libc_nano.a(libc_a-init.o)
 .ARM.attributes
                0x000000be       0x34 cmake/stm32cubemx/CMakeFiles/STM32_Drivers.dir/__/__/Core/Src/system_stm32f4xx.c.obj
 .ARM.attributes
                0x000000f2       0x34 cmake/stm32cubemx/CMakeFiles/STM32_Drivers.dir/__/__/Drivers/STM32F4xx_HAL_Driver/Src/stm32f4xx_hal_rcc.c.obj
 .ARM.attributes
                0x00000126       0x34 cmake/stm32cubemx/CMakeFiles/STM32_Drivers.dir/__/__/Drivers/STM32F4xx_HAL_Driver/Src/stm32f4xx_hal_gpio.c.obj
 .ARM.attributes
                0x0000015a       0x34 cmake/stm32cubemx/CMakeFiles/STM32_Drivers.dir/__/__/Drivers/STM32F4xx_HAL_Driver/Src/stm32f4xx_hal_cortex.c.obj
 .ARM.attributes
                0x0000018e       0x34 cmake/stm32cubemx/CMakeFiles/STM32_Drivers.dir/__/__/Drivers/STM32F4xx_HAL_Driver/Src/stm32f4xx_hal.c.obj
 .ARM.attributes
                0x000001c2       0x34 CMakeFiles/frank_hou.dir/Core/Src/main.c.obj
 .ARM.attributes
                0x000001f6       0x34 CMakeFiles/frank_hou.dir/Core/Src/gpio.c.obj
 .ARM.attributes
                0x0000022a       0x34 CMakeFiles/frank_hou.dir/Core/Src/stm32f4xx_it.c.obj
 .ARM.attributes
                0x0000025e       0x34 CMakeFiles/frank_hou.dir/Core/Src/stm32f4xx_hal_msp.c.obj
 .ARM.attributes
                0x00000292       0x21 CMakeFiles/frank_hou.dir/startup_stm32f407xx.s.obj
 .ARM.attributes
                0x000002b3       0x22 D:/PROGRA~2/STM32_~1/gcc_arm/bin/../lib/gcc/arm-none-eabi/14.3.1/thumb/v7e-m+fp/hard\libgcc.a(_aeabi_uldivmod.o)
 .ARM.attributes
                0x000002d5       0x34 D:/PROGRA~2/STM32_~1/gcc_arm/bin/../lib/gcc/arm-none-eabi/14.3.1/thumb/v7e-m+fp/hard\libgcc.a(_udivmoddi4.o)
 .ARM.attributes
                0x00000309       0x22 D:/PROGRA~2/STM32_~1/gcc_arm/bin/../lib/gcc/arm-none-eabi/14.3.1/thumb/v7e-m+fp/hard\libgcc.a(_dvmd_tls.o)
 .ARM.attributes
                0x0000032b       0x34 D:/PROGRA~2/STM32_~1/gcc_arm/bin/../lib/gcc/arm-none-eabi/14.3.1/thumb/v7e-m+fp/hard/crtend.o
 .ARM.attributes
                0x0000035f       0x22 D:/PROGRA~2/STM32_~1/gcc_arm/bin/../lib/gcc/arm-none-eabi/14.3.1/thumb/v7e-m+fp/hard/crtn.o

.comment        0x00000000       0x46
 .comment       0x00000000       0x46 cmake/stm32cubemx/CMakeFiles/STM32_Drivers.dir/__/__/Core/Src/system_stm32f4xx.c.obj
                                 0x47 (size before relaxing)
 .comment       0x00000046       0x47 cmake/stm32cubemx/CMakeFiles/STM32_Drivers.dir/__/__/Drivers/STM32F4xx_HAL_Driver/Src/stm32f4xx_hal_rcc.c.obj
 .comment       0x00000046       0x47 cmake/stm32cubemx/CMakeFiles/STM32_Drivers.dir/__/__/Drivers/STM32F4xx_HAL_Driver/Src/stm32f4xx_hal_gpio.c.obj
 .comment       0x00000046       0x47 cmake/stm32cubemx/CMakeFiles/STM32_Drivers.dir/__/__/Drivers/STM32F4xx_HAL_Driver/Src/stm32f4xx_hal_cortex.c.obj
 .comment       0x00000046       0x47 cmake/stm32cubemx/CMakeFiles/STM32_Drivers.dir/__/__/Drivers/STM32F4xx_HAL_Driver/Src/stm32f4xx_hal.c.obj
 .comment       0x00000046       0x47 CMakeFiles/frank_hou.dir/Core/Src/main.c.obj
 .comment       0x00000046       0x47 CMakeFiles/frank_hou.dir/Core/Src/gpio.c.obj
 .comment       0x00000046       0x47 CMakeFiles/frank_hou.dir/Core/Src/stm32f4xx_it.c.obj
 .comment       0x00000046       0x47 CMakeFiles/frank_hou.dir/Core/Src/stm32f4xx_hal_msp.c.obj

.debug_frame    0x00000000      0xe98
 .debug_frame   0x00000000       0x20 D:/PROGRA~2/STM32_~1/gcc_arm/bin/../lib/gcc/arm-none-eabi/14.3.1/../../../../arm-none-eabi/lib/thumb/v7e-m+fp/hard\libc_nano.a(libc_a-memset.o)
 .debug_frame   0x00000020       0x2c D:/PROGRA~2/STM32_~1/gcc_arm/bin/../lib/gcc/arm-none-eabi/14.3.1/../../../../arm-none-eabi/lib/thumb/v7e-m+fp/hard\libc_nano.a(libc_a-init.o)
 .debug_frame   0x0000004c       0x58 cmake/stm32cubemx/CMakeFiles/STM32_Drivers.dir/__/__/Core/Src/system_stm32f4xx.c.obj
 .debug_frame   0x000000a4      0x1f4 cmake/stm32cubemx/CMakeFiles/STM32_Drivers.dir/__/__/Drivers/STM32F4xx_HAL_Driver/Src/stm32f4xx_hal_rcc.c.obj
 .debug_frame   0x00000298      0x14c cmake/stm32cubemx/CMakeFiles/STM32_Drivers.dir/__/__/Drivers/STM32F4xx_HAL_Driver/Src/stm32f4xx_hal_gpio.c.obj
 .debug_frame   0x000003e4      0x508 cmake/stm32cubemx/CMakeFiles/STM32_Drivers.dir/__/__/Drivers/STM32F4xx_HAL_Driver/Src/stm32f4xx_hal_cortex.c.obj
 .debug_frame   0x000008ec      0x374 cmake/stm32cubemx/CMakeFiles/STM32_Drivers.dir/__/__/Drivers/STM32F4xx_HAL_Driver/Src/stm32f4xx_hal.c.obj
 .debug_frame   0x00000c60       0x68 CMakeFiles/frank_hou.dir/Core/Src/main.c.obj
 .debug_frame   0x00000cc8       0x34 CMakeFiles/frank_hou.dir/Core/Src/gpio.c.obj
 .debug_frame   0x00000cfc      0x104 CMakeFiles/frank_hou.dir/Core/Src/stm32f4xx_it.c.obj
 .debug_frame   0x00000e00       0x38 CMakeFiles/frank_hou.dir/Core/Src/stm32f4xx_hal_msp.c.obj
 .debug_frame   0x00000e38       0x2c D:/PROGRA~2/STM32_~1/gcc_arm/bin/../lib/gcc/arm-none-eabi/14.3.1/thumb/v7e-m+fp/hard\libgcc.a(_aeabi_uldivmod.o)
 .debug_frame   0x00000e64       0x34 D:/PROGRA~2/STM32_~1/gcc_arm/bin/../lib/gcc/arm-none-eabi/14.3.1/thumb/v7e-m+fp/hard\libgcc.a(_udivmoddi4.o)

.debug_info     0x00000000     0x39ae
 .debug_info    0x00000000      0x512 cmake/stm32cubemx/CMakeFiles/STM32_Drivers.dir/__/__/Core/Src/system_stm32f4xx.c.obj
 .debug_info    0x00000512      0x8c3 cmake/stm32cubemx/CMakeFiles/STM32_Drivers.dir/__/__/Drivers/STM32F4xx_HAL_Driver/Src/stm32f4xx_hal_rcc.c.obj
 .debug_info    0x00000dd5      0x6c3 cmake/stm32cubemx/CMakeFiles/STM32_Drivers.dir/__/__/Drivers/STM32F4xx_HAL_Driver/Src/stm32f4xx_hal_gpio.c.obj
 .debug_info    0x00001498      0xd8c cmake/stm32cubemx/CMakeFiles/STM32_Drivers.dir/__/__/Drivers/STM32F4xx_HAL_Driver/Src/stm32f4xx_hal_cortex.c.obj
 .debug_info    0x00002224      0x944 cmake/stm32cubemx/CMakeFiles/STM32_Drivers.dir/__/__/Drivers/STM32F4xx_HAL_Driver/Src/stm32f4xx_hal.c.obj
 .debug_info    0x00002b68      0x676 CMakeFiles/frank_hou.dir/Core/Src/main.c.obj
 .debug_info    0x000031de      0x425 CMakeFiles/frank_hou.dir/Core/Src/gpio.c.obj
 .debug_info    0x00003603      0x112 CMakeFiles/frank_hou.dir/Core/Src/stm32f4xx_it.c.obj
 .debug_info    0x00003715      0x269 CMakeFiles/frank_hou.dir/Core/Src/stm32f4xx_hal_msp.c.obj
 .debug_info    0x0000397e       0x30 CMakeFiles/frank_hou.dir/startup_stm32f407xx.s.obj

.debug_abbrev   0x00000000      0xfba
 .debug_abbrev  0x00000000      0x11a cmake/stm32cubemx/CMakeFiles/STM32_Drivers.dir/__/__/Core/Src/system_stm32f4xx.c.obj
 .debug_abbrev  0x0000011a      0x2b7 cmake/stm32cubemx/CMakeFiles/STM32_Drivers.dir/__/__/Drivers/STM32F4xx_HAL_Driver/Src/stm32f4xx_hal_rcc.c.obj
 .debug_abbrev  0x000003d1      0x1d4 cmake/stm32cubemx/CMakeFiles/STM32_Drivers.dir/__/__/Drivers/STM32F4xx_HAL_Driver/Src/stm32f4xx_hal_gpio.c.obj
 .debug_abbrev  0x000005a5      0x31d cmake/stm32cubemx/CMakeFiles/STM32_Drivers.dir/__/__/Drivers/STM32F4xx_HAL_Driver/Src/stm32f4xx_hal_cortex.c.obj
 .debug_abbrev  0x000008c2      0x214 cmake/stm32cubemx/CMakeFiles/STM32_Drivers.dir/__/__/Drivers/STM32F4xx_HAL_Driver/Src/stm32f4xx_hal.c.obj
 .debug_abbrev  0x00000ad6      0x223 CMakeFiles/frank_hou.dir/Core/Src/main.c.obj
 .debug_abbrev  0x00000cf9      0x152 CMakeFiles/frank_hou.dir/Core/Src/gpio.c.obj
 .debug_abbrev  0x00000e4b       0x73 CMakeFiles/frank_hou.dir/Core/Src/stm32f4xx_it.c.obj
 .debug_abbrev  0x00000ebe       0xd8 CMakeFiles/frank_hou.dir/Core/Src/stm32f4xx_hal_msp.c.obj
 .debug_abbrev  0x00000f96       0x24 CMakeFiles/frank_hou.dir/startup_stm32f407xx.s.obj

.debug_aranges  0x00000000      0x420
 .debug_aranges
                0x00000000       0x28 cmake/stm32cubemx/CMakeFiles/STM32_Drivers.dir/__/__/Core/Src/system_stm32f4xx.c.obj
 .debug_aranges
                0x00000028       0x88 cmake/stm32cubemx/CMakeFiles/STM32_Drivers.dir/__/__/Drivers/STM32F4xx_HAL_Driver/Src/stm32f4xx_hal_rcc.c.obj
 .debug_aranges
                0x000000b0       0x58 cmake/stm32cubemx/CMakeFiles/STM32_Drivers.dir/__/__/Drivers/STM32F4xx_HAL_Driver/Src/stm32f4xx_hal_gpio.c.obj
 .debug_aranges
                0x00000108      0x130 cmake/stm32cubemx/CMakeFiles/STM32_Drivers.dir/__/__/Drivers/STM32F4xx_HAL_Driver/Src/stm32f4xx_hal_cortex.c.obj
 .debug_aranges
                0x00000238       0xf0 cmake/stm32cubemx/CMakeFiles/STM32_Drivers.dir/__/__/Drivers/STM32F4xx_HAL_Driver/Src/stm32f4xx_hal.c.obj
 .debug_aranges
                0x00000328       0x30 CMakeFiles/frank_hou.dir/Core/Src/main.c.obj
 .debug_aranges
                0x00000358       0x20 CMakeFiles/frank_hou.dir/Core/Src/gpio.c.obj
 .debug_aranges
                0x00000378       0x60 CMakeFiles/frank_hou.dir/Core/Src/stm32f4xx_it.c.obj
 .debug_aranges
                0x000003d8       0x20 CMakeFiles/frank_hou.dir/Core/Src/stm32f4xx_hal_msp.c.obj
 .debug_aranges
                0x000003f8       0x28 CMakeFiles/frank_hou.dir/startup_stm32f407xx.s.obj

.debug_rnglists
                0x00000000      0x2f2
 .debug_rnglists
                0x00000000       0x1a cmake/stm32cubemx/CMakeFiles/STM32_Drivers.dir/__/__/Core/Src/system_stm32f4xx.c.obj
 .debug_rnglists
                0x0000001a       0x66 cmake/stm32cubemx/CMakeFiles/STM32_Drivers.dir/__/__/Drivers/STM32F4xx_HAL_Driver/Src/stm32f4xx_hal_rcc.c.obj
 .debug_rnglists
                0x00000080       0x3f cmake/stm32cubemx/CMakeFiles/STM32_Drivers.dir/__/__/Drivers/STM32F4xx_HAL_Driver/Src/stm32f4xx_hal_gpio.c.obj
 .debug_rnglists
                0x000000bf       0xe0 cmake/stm32cubemx/CMakeFiles/STM32_Drivers.dir/__/__/Drivers/STM32F4xx_HAL_Driver/Src/stm32f4xx_hal_cortex.c.obj
 .debug_rnglists
                0x0000019f       0xaf cmake/stm32cubemx/CMakeFiles/STM32_Drivers.dir/__/__/Drivers/STM32F4xx_HAL_Driver/Src/stm32f4xx_hal.c.obj
 .debug_rnglists
                0x0000024e       0x21 CMakeFiles/frank_hou.dir/Core/Src/main.c.obj
 .debug_rnglists
                0x0000026f       0x14 CMakeFiles/frank_hou.dir/Core/Src/gpio.c.obj
 .debug_rnglists
                0x00000283       0x43 CMakeFiles/frank_hou.dir/Core/Src/stm32f4xx_it.c.obj
 .debug_rnglists
                0x000002c6       0x13 CMakeFiles/frank_hou.dir/Core/Src/stm32f4xx_hal_msp.c.obj
 .debug_rnglists
                0x000002d9       0x19 CMakeFiles/frank_hou.dir/startup_stm32f407xx.s.obj

.debug_macro    0x00000000    0x1f049
 .debug_macro   0x00000000      0x1b0 cmake/stm32cubemx/CMakeFiles/STM32_Drivers.dir/__/__/Core/Src/system_stm32f4xx.c.obj
 .debug_macro   0x000001b0      0xad8 cmake/stm32cubemx/CMakeFiles/STM32_Drivers.dir/__/__/Core/Src/system_stm32f4xx.c.obj
 .debug_macro   0x00000c88       0x2e cmake/stm32cubemx/CMakeFiles/STM32_Drivers.dir/__/__/Core/Src/system_stm32f4xx.c.obj
 .debug_macro   0x00000cb6       0x2f cmake/stm32cubemx/CMakeFiles/STM32_Drivers.dir/__/__/Core/Src/system_stm32f4xx.c.obj
 .debug_macro   0x00000ce5       0x22 cmake/stm32cubemx/CMakeFiles/STM32_Drivers.dir/__/__/Core/Src/system_stm32f4xx.c.obj
 .debug_macro   0x00000d07       0x8e cmake/stm32cubemx/CMakeFiles/STM32_Drivers.dir/__/__/Core/Src/system_stm32f4xx.c.obj
 .debug_macro   0x00000d95       0x51 cmake/stm32cubemx/CMakeFiles/STM32_Drivers.dir/__/__/Core/Src/system_stm32f4xx.c.obj
 .debug_macro   0x00000de6      0x103 cmake/stm32cubemx/CMakeFiles/STM32_Drivers.dir/__/__/Core/Src/system_stm32f4xx.c.obj
 .debug_macro   0x00000ee9       0x6a cmake/stm32cubemx/CMakeFiles/STM32_Drivers.dir/__/__/Core/Src/system_stm32f4xx.c.obj
 .debug_macro   0x00000f53      0x1df cmake/stm32cubemx/CMakeFiles/STM32_Drivers.dir/__/__/Core/Src/system_stm32f4xx.c.obj
 .debug_macro   0x00001132       0x1c cmake/stm32cubemx/CMakeFiles/STM32_Drivers.dir/__/__/Core/Src/system_stm32f4xx.c.obj
 .debug_macro   0x0000114e       0x22 cmake/stm32cubemx/CMakeFiles/STM32_Drivers.dir/__/__/Core/Src/system_stm32f4xx.c.obj
 .debug_macro   0x00001170       0xfb cmake/stm32cubemx/CMakeFiles/STM32_Drivers.dir/__/__/Core/Src/system_stm32f4xx.c.obj
 .debug_macro   0x0000126b     0x1011 cmake/stm32cubemx/CMakeFiles/STM32_Drivers.dir/__/__/Core/Src/system_stm32f4xx.c.obj
 .debug_macro   0x0000227c      0x11f cmake/stm32cubemx/CMakeFiles/STM32_Drivers.dir/__/__/Core/Src/system_stm32f4xx.c.obj
 .debug_macro   0x0000239b    0x15ea5 cmake/stm32cubemx/CMakeFiles/STM32_Drivers.dir/__/__/Core/Src/system_stm32f4xx.c.obj
 .debug_macro   0x00018240       0x6d cmake/stm32cubemx/CMakeFiles/STM32_Drivers.dir/__/__/Core/Src/system_stm32f4xx.c.obj
 .debug_macro   0x000182ad      0x28f cmake/stm32cubemx/CMakeFiles/STM32_Drivers.dir/__/__/Core/Src/system_stm32f4xx.c.obj
 .debug_macro   0x0001853c     0x3693 cmake/stm32cubemx/CMakeFiles/STM32_Drivers.dir/__/__/Core/Src/system_stm32f4xx.c.obj
 .debug_macro   0x0001bbcf      0x190 cmake/stm32cubemx/CMakeFiles/STM32_Drivers.dir/__/__/Core/Src/system_stm32f4xx.c.obj
 .debug_macro   0x0001bd5f       0x5c cmake/stm32cubemx/CMakeFiles/STM32_Drivers.dir/__/__/Core/Src/system_stm32f4xx.c.obj
 .debug_macro   0x0001bdbb      0x980 cmake/stm32cubemx/CMakeFiles/STM32_Drivers.dir/__/__/Core/Src/system_stm32f4xx.c.obj
 .debug_macro   0x0001c73b      0x9e9 cmake/stm32cubemx/CMakeFiles/STM32_Drivers.dir/__/__/Core/Src/system_stm32f4xx.c.obj
 .debug_macro   0x0001d124      0x115 cmake/stm32cubemx/CMakeFiles/STM32_Drivers.dir/__/__/Core/Src/system_stm32f4xx.c.obj
 .debug_macro   0x0001d239      0x13e cmake/stm32cubemx/CMakeFiles/STM32_Drivers.dir/__/__/Core/Src/system_stm32f4xx.c.obj
 .debug_macro   0x0001d377       0xa5 cmake/stm32cubemx/CMakeFiles/STM32_Drivers.dir/__/__/Core/Src/system_stm32f4xx.c.obj
 .debug_macro   0x0001d41c      0x174 cmake/stm32cubemx/CMakeFiles/STM32_Drivers.dir/__/__/Core/Src/system_stm32f4xx.c.obj
 .debug_macro   0x0001d590      0x287 cmake/stm32cubemx/CMakeFiles/STM32_Drivers.dir/__/__/Core/Src/system_stm32f4xx.c.obj
 .debug_macro   0x0001d817       0x5f cmake/stm32cubemx/CMakeFiles/STM32_Drivers.dir/__/__/Core/Src/system_stm32f4xx.c.obj
 .debug_macro   0x0001d876      0x236 cmake/stm32cubemx/CMakeFiles/STM32_Drivers.dir/__/__/Core/Src/system_stm32f4xx.c.obj
 .debug_macro   0x0001daac      0x12c cmake/stm32cubemx/CMakeFiles/STM32_Drivers.dir/__/__/Core/Src/system_stm32f4xx.c.obj
 .debug_macro   0x0001dbd8      0x21e cmake/stm32cubemx/CMakeFiles/STM32_Drivers.dir/__/__/Core/Src/system_stm32f4xx.c.obj
 .debug_macro   0x0001ddf6       0x2e cmake/stm32cubemx/CMakeFiles/STM32_Drivers.dir/__/__/Core/Src/system_stm32f4xx.c.obj
 .debug_macro   0x0001de24      0x127 cmake/stm32cubemx/CMakeFiles/STM32_Drivers.dir/__/__/Core/Src/system_stm32f4xx.c.obj
 .debug_macro   0x0001df4b       0x7e cmake/stm32cubemx/CMakeFiles/STM32_Drivers.dir/__/__/Core/Src/system_stm32f4xx.c.obj
 .debug_macro   0x0001dfc9       0x89 cmake/stm32cubemx/CMakeFiles/STM32_Drivers.dir/__/__/Core/Src/system_stm32f4xx.c.obj
 .debug_macro   0x0001e052      0x12d cmake/stm32cubemx/CMakeFiles/STM32_Drivers.dir/__/__/Core/Src/system_stm32f4xx.c.obj
 .debug_macro   0x0001e17f      0x1d4 cmake/stm32cubemx/CMakeFiles/STM32_Drivers.dir/__/__/Drivers/STM32F4xx_HAL_Driver/Src/stm32f4xx_hal_rcc.c.obj
 .debug_macro   0x0001e353      0x1b6 cmake/stm32cubemx/CMakeFiles/STM32_Drivers.dir/__/__/Drivers/STM32F4xx_HAL_Driver/Src/stm32f4xx_hal_gpio.c.obj
 .debug_macro   0x0001e509      0x1b0 cmake/stm32cubemx/CMakeFiles/STM32_Drivers.dir/__/__/Drivers/STM32F4xx_HAL_Driver/Src/stm32f4xx_hal_cortex.c.obj
 .debug_macro   0x0001e6b9      0x210 cmake/stm32cubemx/CMakeFiles/STM32_Drivers.dir/__/__/Drivers/STM32F4xx_HAL_Driver/Src/stm32f4xx_hal.c.obj
 .debug_macro   0x0001e8c9      0x1d7 CMakeFiles/frank_hou.dir/Core/Src/main.c.obj
 .debug_macro   0x0001eaa0       0x58 CMakeFiles/frank_hou.dir/Core/Src/main.c.obj
 .debug_macro   0x0001eaf8      0x1c9 CMakeFiles/frank_hou.dir/Core/Src/gpio.c.obj
 .debug_macro   0x0001ecc1      0x1c9 CMakeFiles/frank_hou.dir/Core/Src/stm32f4xx_it.c.obj
 .debug_macro   0x0001ee8a      0x1bf CMakeFiles/frank_hou.dir/Core/Src/stm32f4xx_hal_msp.c.obj

.debug_line     0x00000000     0x488a
 .debug_line    0x00000000      0x5ee cmake/stm32cubemx/CMakeFiles/STM32_Drivers.dir/__/__/Core/Src/system_stm32f4xx.c.obj
 .debug_line    0x000005ee      0xc77 cmake/stm32cubemx/CMakeFiles/STM32_Drivers.dir/__/__/Drivers/STM32F4xx_HAL_Driver/Src/stm32f4xx_hal_rcc.c.obj
 .debug_line    0x00001265      0x9c2 cmake/stm32cubemx/CMakeFiles/STM32_Drivers.dir/__/__/Drivers/STM32F4xx_HAL_Driver/Src/stm32f4xx_hal_gpio.c.obj
 .debug_line    0x00001c27      0xb3a cmake/stm32cubemx/CMakeFiles/STM32_Drivers.dir/__/__/Drivers/STM32F4xx_HAL_Driver/Src/stm32f4xx_hal_cortex.c.obj
 .debug_line    0x00002761      0x86a cmake/stm32cubemx/CMakeFiles/STM32_Drivers.dir/__/__/Drivers/STM32F4xx_HAL_Driver/Src/stm32f4xx_hal.c.obj
 .debug_line    0x00002fcb      0x708 CMakeFiles/frank_hou.dir/Core/Src/main.c.obj
 .debug_line    0x000036d3      0x59e CMakeFiles/frank_hou.dir/Core/Src/gpio.c.obj
 .debug_line    0x00003c71      0x627 CMakeFiles/frank_hou.dir/Core/Src/stm32f4xx_it.c.obj
 .debug_line    0x00004298      0x578 CMakeFiles/frank_hou.dir/Core/Src/stm32f4xx_hal_msp.c.obj
 .debug_line    0x00004810       0x7a CMakeFiles/frank_hou.dir/startup_stm32f407xx.s.obj

.debug_str      0x00000000    0xbc787
 .debug_str     0x00000000    0xbc787 cmake/stm32cubemx/CMakeFiles/STM32_Drivers.dir/__/__/Core/Src/system_stm32f4xx.c.obj
                              0xbb11b (size before relaxing)
 .debug_str     0x000bc787    0xbb54f cmake/stm32cubemx/CMakeFiles/STM32_Drivers.dir/__/__/Drivers/STM32F4xx_HAL_Driver/Src/stm32f4xx_hal_rcc.c.obj
 .debug_str     0x000bc787    0xbb296 cmake/stm32cubemx/CMakeFiles/STM32_Drivers.dir/__/__/Drivers/STM32F4xx_HAL_Driver/Src/stm32f4xx_hal_gpio.c.obj
 .debug_str     0x000bc787    0xbba1b cmake/stm32cubemx/CMakeFiles/STM32_Drivers.dir/__/__/Drivers/STM32F4xx_HAL_Driver/Src/stm32f4xx_hal_cortex.c.obj
 .debug_str     0x000bc787    0xbbc9f cmake/stm32cubemx/CMakeFiles/STM32_Drivers.dir/__/__/Drivers/STM32F4xx_HAL_Driver/Src/stm32f4xx_hal.c.obj
 .debug_str     0x000bc787    0xbb473 CMakeFiles/frank_hou.dir/Core/Src/main.c.obj
 .debug_str     0x000bc787    0xbb25a CMakeFiles/frank_hou.dir/Core/Src/gpio.c.obj
 .debug_str     0x000bc787    0xbb115 CMakeFiles/frank_hou.dir/Core/Src/stm32f4xx_it.c.obj
 .debug_str     0x000bc787    0xbb18f CMakeFiles/frank_hou.dir/Core/Src/stm32f4xx_hal_msp.c.obj
 .debug_str     0x000bc787       0x8c CMakeFiles/frank_hou.dir/startup_stm32f407xx.s.obj

.debug_line_str
                0x00000000      0x149
 .debug_line_str
                0x00000000      0x149 CMakeFiles/frank_hou.dir/startup_stm32f407xx.s.obj
                                 0x70 (size before relaxing)
 .debug_line_str
                0x00000149       0xcd D:/PROGRA~2/STM32_~1/gcc_arm/bin/../lib/gcc/arm-none-eabi/14.3.1/thumb/v7e-m+fp/hard\libgcc.a(_aeabi_uldivmod.o)
 .debug_line_str
                0x00000149       0xd1 D:/PROGRA~2/STM32_~1/gcc_arm/bin/../lib/gcc/arm-none-eabi/14.3.1/thumb/v7e-m+fp/hard\libgcc.a(_dvmd_tls.o)
