Archive member included to satisfy reference by file (symbol)

D:/PROGRA~2/STM32_~1/gcc_arm/bin/../lib/gcc/arm-none-eabi/14.3.1/../../../../arm-none-eabi/lib/thumb/v7e-m+fp/hard\libc_nano.a(libc_a-exit.o)
                              D:/PROGRA~2/STM32_~1/gcc_arm/bin/../lib/gcc/arm-none-eabi/14.3.1/../../../../arm-none-eabi/lib/thumb/v7e-m+fp/hard/crt0.o (exit)
D:/PROGRA~2/STM32_~1/gcc_arm/bin/../lib/gcc/arm-none-eabi/14.3.1/../../../../arm-none-eabi/lib/thumb/v7e-m+fp/hard\libc_nano.a(libc_a-findfp.o)
                              D:/PROGRA~2/STM32_~1/gcc_arm/bin/../lib/gcc/arm-none-eabi/14.3.1/../../../../arm-none-eabi/lib/thumb/v7e-m+fp/hard\libc_nano.a(libc_a-exit.o) (__stdio_exit_handler)
D:/PROGRA~2/STM32_~1/gcc_arm/bin/../lib/gcc/arm-none-eabi/14.3.1/../../../../arm-none-eabi/lib/thumb/v7e-m+fp/hard\libc_nano.a(libc_a-fwalk.o)
                              D:/PROGRA~2/STM32_~1/gcc_arm/bin/../lib/gcc/arm-none-eabi/14.3.1/../../../../arm-none-eabi/lib/thumb/v7e-m+fp/hard\libc_nano.a(libc_a-findfp.o) (_fwalk_sglue)
D:/PROGRA~2/STM32_~1/gcc_arm/bin/../lib/gcc/arm-none-eabi/14.3.1/../../../../arm-none-eabi/lib/thumb/v7e-m+fp/hard\libc_nano.a(libc_a-stdio.o)
                              D:/PROGRA~2/STM32_~1/gcc_arm/bin/../lib/gcc/arm-none-eabi/14.3.1/../../../../arm-none-eabi/lib/thumb/v7e-m+fp/hard\libc_nano.a(libc_a-findfp.o) (__sread)
D:/PROGRA~2/STM32_~1/gcc_arm/bin/../lib/gcc/arm-none-eabi/14.3.1/../../../../arm-none-eabi/lib/thumb/v7e-m+fp/hard\libc_nano.a(libc_a-memset.o)
                              D:/PROGRA~2/STM32_~1/gcc_arm/bin/../lib/gcc/arm-none-eabi/14.3.1/../../../../arm-none-eabi/lib/thumb/v7e-m+fp/hard/crt0.o (memset)
D:/PROGRA~2/STM32_~1/gcc_arm/bin/../lib/gcc/arm-none-eabi/14.3.1/../../../../arm-none-eabi/lib/thumb/v7e-m+fp/hard\libc_nano.a(libc_a-closer.o)
                              D:/PROGRA~2/STM32_~1/gcc_arm/bin/../lib/gcc/arm-none-eabi/14.3.1/../../../../arm-none-eabi/lib/thumb/v7e-m+fp/hard\libc_nano.a(libc_a-stdio.o) (_close_r)
D:/PROGRA~2/STM32_~1/gcc_arm/bin/../lib/gcc/arm-none-eabi/14.3.1/../../../../arm-none-eabi/lib/thumb/v7e-m+fp/hard\libc_nano.a(libc_a-reent.o)
                              D:/PROGRA~2/STM32_~1/gcc_arm/bin/../lib/gcc/arm-none-eabi/14.3.1/../../../../arm-none-eabi/lib/thumb/v7e-m+fp/hard\libc_nano.a(libc_a-closer.o) (errno)
D:/PROGRA~2/STM32_~1/gcc_arm/bin/../lib/gcc/arm-none-eabi/14.3.1/../../../../arm-none-eabi/lib/thumb/v7e-m+fp/hard\libc_nano.a(libc_a-impure.o)
                              D:/PROGRA~2/STM32_~1/gcc_arm/bin/../lib/gcc/arm-none-eabi/14.3.1/../../../../arm-none-eabi/lib/thumb/v7e-m+fp/hard\libc_nano.a(libc_a-reent.o) (_impure_ptr)
D:/PROGRA~2/STM32_~1/gcc_arm/bin/../lib/gcc/arm-none-eabi/14.3.1/../../../../arm-none-eabi/lib/thumb/v7e-m+fp/hard\libc_nano.a(libc_a-lseekr.o)
                              D:/PROGRA~2/STM32_~1/gcc_arm/bin/../lib/gcc/arm-none-eabi/14.3.1/../../../../arm-none-eabi/lib/thumb/v7e-m+fp/hard\libc_nano.a(libc_a-stdio.o) (_lseek_r)
D:/PROGRA~2/STM32_~1/gcc_arm/bin/../lib/gcc/arm-none-eabi/14.3.1/../../../../arm-none-eabi/lib/thumb/v7e-m+fp/hard\libc_nano.a(libc_a-readr.o)
                              D:/PROGRA~2/STM32_~1/gcc_arm/bin/../lib/gcc/arm-none-eabi/14.3.1/../../../../arm-none-eabi/lib/thumb/v7e-m+fp/hard\libc_nano.a(libc_a-stdio.o) (_read_r)
D:/PROGRA~2/STM32_~1/gcc_arm/bin/../lib/gcc/arm-none-eabi/14.3.1/../../../../arm-none-eabi/lib/thumb/v7e-m+fp/hard\libc_nano.a(libc_a-writer.o)
                              D:/PROGRA~2/STM32_~1/gcc_arm/bin/../lib/gcc/arm-none-eabi/14.3.1/../../../../arm-none-eabi/lib/thumb/v7e-m+fp/hard\libc_nano.a(libc_a-stdio.o) (_write_r)
D:/PROGRA~2/STM32_~1/gcc_arm/bin/../lib/gcc/arm-none-eabi/14.3.1/../../../../arm-none-eabi/lib/thumb/v7e-m+fp/hard\libc_nano.a(libc_a-init.o)
                              D:/PROGRA~2/STM32_~1/gcc_arm/bin/../lib/gcc/arm-none-eabi/14.3.1/../../../../arm-none-eabi/lib/thumb/v7e-m+fp/hard/crt0.o (__libc_init_array)
D:/PROGRA~2/STM32_~1/gcc_arm/bin/../lib/gcc/arm-none-eabi/14.3.1/../../../../arm-none-eabi/lib/thumb/v7e-m+fp/hard\libc_nano.a(libc_a-lock.o)
                              D:/PROGRA~2/STM32_~1/gcc_arm/bin/../lib/gcc/arm-none-eabi/14.3.1/../../../../arm-none-eabi/lib/thumb/v7e-m+fp/hard\libc_nano.a(libc_a-findfp.o) (__retarget_lock_init_recursive)
D:/PROGRA~2/STM32_~1/gcc_arm/bin/../lib/gcc/arm-none-eabi/14.3.1/../../../../arm-none-eabi/lib/thumb/v7e-m+fp/hard\libc_nano.a(libc_a-freer.o)
                              D:/PROGRA~2/STM32_~1/gcc_arm/bin/../lib/gcc/arm-none-eabi/14.3.1/../../../../arm-none-eabi/lib/thumb/v7e-m+fp/hard\libc_nano.a(libc_a-reent.o) (_free_r)
D:/PROGRA~2/STM32_~1/gcc_arm/bin/../lib/gcc/arm-none-eabi/14.3.1/../../../../arm-none-eabi/lib/thumb/v7e-m+fp/hard\libc_nano.a(libc_a-mallocr.o)
                              D:/PROGRA~2/STM32_~1/gcc_arm/bin/../lib/gcc/arm-none-eabi/14.3.1/../../../../arm-none-eabi/lib/thumb/v7e-m+fp/hard\libc_nano.a(libc_a-findfp.o) (_malloc_r)
[...]
Memory Configuration

Name             Origin             Length             Attributes
RAM              0x20000000         0x00020000         xrw
CCMRAM           0x10000000         0x00010000         xrw
FLASH            0x08000000         0x00100000         xr
*default*        0x00000000         0xffffffff

Linker script and memory map

LOAD D:/PROGRA~2/STM32_~1/gcc_arm/bin/../lib/gcc/arm-none-eabi/14.3.1/thumb/v7e-m+fp/hard/crti.o
LOAD D:/PROGRA~2/STM32_~1/gcc_arm/bin/../lib/gcc/arm-none-eabi/14.3.1/thumb/v7e-m+fp/hard/crtbegin.o
LOAD D:/PROGRA~2/STM32_~1/gcc_arm/bin/../lib/gcc/arm-none-eabi/14.3.1/../../../../arm-none-eabi/lib/thumb/v7e-m+fp/hard/crt0.o
START GROUP
LOAD D:/PROGRA~2/STM32_~1/gcc_arm/bin/../lib/gcc/arm-none-eabi/14.3.1/../../../../arm-none-eabi/lib/thumb/v7e-m+fp/hard\libc_nano.a
LOAD D:/PROGRA~2/STM32_~1/gcc_arm/bin/../lib/gcc/arm-none-eabi/14.3.1/../../../../arm-none-eabi/lib/thumb/v7e-m+fp/hard\libm.a
END GROUP
LOAD cmake/stm32cubemx/CMakeFiles/STM32_Drivers.dir/__/__/Core/Src/system_stm32f4xx.c.obj
LOAD cmake/stm32cubemx/CMakeFiles/STM32_Drivers.dir/__/__/Drivers/STM32F4xx_HAL_Driver/Src/stm32f4xx_hal_uart.c.obj
LOAD cmake/stm32cubemx/CMakeFiles/STM32_Drivers.dir/__/__/Drivers/STM32F4xx_HAL_Driver/Src/stm32f4xx_hal_rcc.c.obj
LOAD cmake/stm32cubemx/CMakeFiles/STM32_Drivers.dir/__/__/Drivers/STM32F4xx_HAL_Driver/Src/stm32f4xx_hal_rcc_ex.c.obj
LOAD cmake/stm32cubemx/CMakeFiles/STM32_Drivers.dir/__/__/Drivers/STM32F4xx_HAL_Driver/Src/stm32f4xx_hal_flash.c.obj
LOAD cmake/stm32cubemx/CMakeFiles/STM32_Drivers.dir/__/__/Drivers/STM32F4xx_HAL_Driver/Src/stm32f4xx_hal_flash_ex.c.obj
LOAD cmake/stm32cubemx/CMakeFiles/STM32_Drivers.dir/__/__/Drivers/STM32F4xx_HAL_Driver/Src/stm32f4xx_hal_flash_ramfunc.c.obj
LOAD cmake/stm32cubemx/CMakeFiles/STM32_Drivers.dir/__/__/Drivers/STM32F4xx_HAL_Driver/Src/stm32f4xx_hal_gpio.c.obj
LOAD cmake/stm32cubemx/CMakeFiles/STM32_Drivers.dir/__/__/Drivers/STM32F4xx_HAL_Driver/Src/stm32f4xx_hal_dma_ex.c.obj
LOAD cmake/stm32cubemx/CMakeFiles/STM32_Drivers.dir/__/__/Drivers/STM32F4xx_HAL_Driver/Src/stm32f4xx_hal_dma.c.obj
LOAD cmake/stm32cubemx/CMakeFiles/STM32_Drivers.dir/__/__/Drivers/STM32F4xx_HAL_Driver/Src/stm32f4xx_hal_pwr.c.obj
LOAD cmake/stm32cubemx/CMakeFiles/STM32_Drivers.dir/__/__/Drivers/STM32F4xx_HAL_Driver/Src/stm32f4xx_hal_pwr_ex.c.obj
LOAD cmake/stm32cubemx/CMakeFiles/STM32_Drivers.dir/__/__/Drivers/STM32F4xx_HAL_Driver/Src/stm32f4xx_hal_cortex.c.obj
LOAD cmake/stm32cubemx/CMakeFiles/STM32_Drivers.dir/__/__/Drivers/STM32F4xx_HAL_Driver/Src/stm32f4xx_hal.c.obj
LOAD cmake/stm32cubemx/CMakeFiles/STM32_Drivers.dir/__/__/Drivers/STM32F4xx_HAL_Driver/Src/stm32f4xx_hal_exti.c.obj
LOAD CMakeFiles/frank_hou.dir/Core/Src/main.c.obj
LOAD CMakeFiles/frank_hou.dir/Core/Src/gpio.c.obj
LOAD CMakeFiles/frank_hou.dir/Core/Src/usart.c.obj
LOAD CMakeFiles/frank_hou.dir/Core/Src/stm32f4xx_it.c.obj
LOAD CMakeFiles/frank_hou.dir/Core/Src/stm32f4xx_hal_msp.c.obj
LOAD CMakeFiles/frank_hou.dir/Core/Src/sysmem.c.obj
LOAD CMakeFiles/frank_hou.dir/Core/Src/syscalls.c.obj
LOAD CMakeFiles/frank_hou.dir/startup_stm32f407xx.s.obj
LOAD CMakeFiles/frank_hou.dir/Core/test_1/test.c.obj
START GROUP
LOAD D:/PROGRA~2/STM32_~1/gcc_arm/bin/../lib/gcc/arm-none-eabi/14.3.1/thumb/v7e-m+fp/hard\libgcc.a
LOAD D:/PROGRA~2/STM32_~1/gcc_arm/bin/../lib/gcc/arm-none-eabi/14.3.1/../../../../arm-none-eabi/lib/thumb/v7e-m+fp/hard\libg_nano.a
LOAD D:/PROGRA~2/STM32_~1/gcc_arm/bin/../lib/gcc/arm-none-eabi/14.3.1/../../../../arm-none-eabi/lib/thumb/v7e-m+fp/hard\libc_nano.a
END GROUP
START GROUP
LOAD D:/PROGRA~2/STM32_~1/gcc_arm/bin/../lib/gcc/arm-none-eabi/14.3.1/thumb/v7e-m+fp/hard\libgcc.a
LOAD D:/PROGRA~2/STM32_~1/gcc_arm/bin/../lib/gcc/arm-none-eabi/14.3.1/../../../../arm-none-eabi/lib/thumb/v7e-m+fp/hard\libc_nano.a
END GROUP
LOAD D:/PROGRA~2/STM32_~1/gcc_arm/bin/../lib/gcc/arm-none-eabi/14.3.1/thumb/v7e-m+fp/hard/crtend.o
LOAD D:/PROGRA~2/STM32_~1/gcc_arm/bin/../lib/gcc/arm-none-eabi/14.3.1/thumb/v7e-m+fp/hard/crtn.o
                0x20020000                        _estack = (ORIGIN (RAM) + LENGTH (RAM))
                0x00000200                        _Min_Heap_Size = 0x200
                0x00000400                        _Min_Stack_Size = 0x400

.isr_vector     0x08000000      0x188
                0x08000000                        . = ALIGN (0x4)
 *(.isr_vector)
 .isr_vector    0x08000000      0x188 CMakeFiles/frank_hou.dir/startup_stm32f407xx.s.obj
                0x08000000                g_pfnVectors
                0x08000188                        . = ALIGN (0x4)

.text           0x08000190     0x3228
                0x08000190                        . = ALIGN (0x4)
 *(.text)
 .text          0x08000190       0x30 D:/PROGRA~2/STM32_~1/gcc_arm/bin/../lib/gcc/arm-none-eabi/14.3.1/thumb/v7e-m+fp/hard\libgcc.a(_aeabi_uldivmod.o)
                0x08000190                __aeabi_uldivmod
 .text          0x080001c0        0x4 D:/PROGRA~2/STM32_~1/gcc_arm/bin/../lib/gcc/arm-none-eabi/14.3.1/thumb/v7e-m+fp/hard\libgcc.a(_dvmd_tls.o)
                0x080001c0                __aeabi_idiv0
                0x080001c0                __aeabi_ldiv0
 *fill*         0x080001c4        0xc 
 .text          0x080001d0       0xa0 D:/PROGRA~2/STM32_~1/gcc_arm/bin/../lib/gcc/arm-none-eabi/14.3.1/../../../../arm-none-eabi/lib/thumb/v7e-m+fp/hard\libg_nano.a(libc_a-memchr.o)
                0x080001d0                memchr
 *(.text*)
 .text.deregister_tm_clones
                0x08000270       0x1c D:/PROGRA~2/STM32_~1/gcc_arm/bin/../lib/gcc/arm-none-eabi/14.3.1/thumb/v7e-m+fp/hard/crtbegin.o
 .text.register_tm_clones
                0x0800028c       0x24 D:/PROGRA~2/STM32_~1/gcc_arm/bin/../lib/gcc/arm-none-eabi/14.3.1/thumb/v7e-m+fp/hard/crtbegin.o
 .text.__do_global_dtors_aux
                0x080002b0       0x28 D:/PROGRA~2/STM32_~1/gcc_arm/bin/../lib/gcc/arm-none-eabi/14.3.1/thumb/v7e-m+fp/hard/crtbegin.o
 .text.frame_dummy
                0x080002d8       0x24 D:/PROGRA~2/STM32_~1/gcc_arm/bin/../lib/gcc/arm-none-eabi/14.3.1/thumb/v7e-m+fp/hard/crtbegin.o
 .text.std      0x080002fc       0x6c D:/PROGRA~2/STM32_~1/gcc_arm/bin/../lib/gcc/arm-none-eabi/14.3.1/../../../../arm-none-eabi/lib/thumb/v7e-m+fp/hard\libc_nano.a(libc_a-findfp.o)
 .text.stdio_exit_handler
                0x08000368       0x18 D:/PROGRA~2/STM32_~1/gcc_arm/bin/../lib/gcc/arm-none-eabi/14.3.1/../../../../arm-none-eabi/lib/thumb/v7e-m+fp/hard\libc_nano.a(libc_a-findfp.o)
 .text.cleanup_stdio
                0x08000380       0x40 D:/PROGRA~2/STM32_~1/gcc_arm/bin/../lib/gcc/arm-none-eabi/14.3.1/../../../../arm-none-eabi/lib/thumb/v7e-m+fp/hard\libc_nano.a(libc_a-findfp.o)
 .text.global_stdio_init.part.0
                0x080003c0       0x40 D:/PROGRA~2/STM32_~1/gcc_arm/bin/../lib/gcc/arm-none-eabi/14.3.1/../../../../arm-none-eabi/lib/thumb/v7e-m+fp/hard\libc_nano.a(libc_a-findfp.o)
 .text.__sfp_lock_acquire
                0x08000400        0xc D:/PROGRA~2/STM32_~1/gcc_arm/bin/../lib/gcc/arm-none-eabi/14.3.1/../../../../arm-none-eabi/lib/thumb/v7e-m+fp/hard\libc_nano.a(libc_a-findfp.o)
                0x08000400                __sfp_lock_acquire
 .text.__sfp_lock_release
                0x0800040c        0xc D:/PROGRA~2/STM32_~1/gcc_arm/bin/../lib/gcc/arm-none-eabi/14.3.1/../../../../arm-none-eabi/lib/thumb/v7e-m+fp/hard\libc_nano.a(libc_a-findfp.o)
                0x0800040c                __sfp_lock_release
 .text.__sinit  0x08000418       0x30 D:/PROGRA~2/STM32_~1/gcc_arm/bin/../lib/gcc/arm-none-eabi/14.3.1/../../../../arm-none-eabi/lib/thumb/v7e-m+fp/hard\libc_nano.a(libc_a-findfp.o)
                0x08000418                __sinit
 .text._fwalk_sglue
                0x08000448       0x3c D:/PROGRA~2/STM32_~1/gcc_arm/bin/../lib/gcc/arm-none-eabi/14.3.1/../../../../arm-none-eabi/lib/thumb/v7e-m+fp/hard\libc_nano.a(libc_a-fwalk.o)
                0x08000448                _fwalk_sglue
 .text.__sread  0x08000484       0x22 D:/PROGRA~2/STM32_~1/gcc_arm/bin/../lib/gcc/arm-none-eabi/14.3.1/../../../../arm-none-eabi/lib/thumb/v7e-m+fp/hard\libc_nano.a(libc_a-stdio.o)
                0x08000484                __sread
 .text.__swrite
                0x080004a6       0x38 D:/PROGRA~2/STM32_~1/gcc_arm/bin/../lib/gcc/arm-none-eabi/14.3.1/../../../../arm-none-eabi/lib/thumb/v7e-m+fp/hard\libc_nano.a(libc_a-stdio.o)
                0x080004a6                __swrite
 .text.__sseek  0x080004de       0x26 D:/PROGRA~2/STM32_~1/gcc_arm/bin/../lib/gcc/arm-none-eabi/14.3.1/../../../../arm-none-eabi/lib/thumb/v7e-m+fp/hard\libc_nano.a(libc_a-stdio.o)
                0x080004de                __sseek
 .text.__sclose
                0x08000504        0x8 D:/PROGRA~2/STM32_~1/gcc_arm/bin/../lib/gcc/arm-none-eabi/14.3.1/../../../../arm-none-eabi/lib/thumb/v7e-m+fp/hard\libc_nano.a(libc_a-stdio.o)
                0x08000504                __sclose
 .text.memset   0x0800050c       0x10 D:/PROGRA~2/STM32_~1/gcc_arm/bin/../lib/gcc/arm-none-eabi/14.3.1/../../../../arm-none-eabi/lib/thumb/v7e-m+fp/hard\libc_nano.a(libc_a-memset.o)
                0x0800050c                memset
 .text._close_r
                0x0800051c       0x20 D:/PROGRA~2/STM32_~1/gcc_arm/bin/../lib/gcc/arm-none-eabi/14.3.1/../../../../arm-none-eabi/lib/thumb/v7e-m+fp/hard\libc_nano.a(libc_a-closer.o)
                0x0800051c                _close_r
 .text._lseek_r
                0x0800053c       0x24 D:/PROGRA~2/STM32_~1/gcc_arm/bin/../lib/gcc/arm-none-eabi/14.3.1/../../../../arm-none-eabi/lib/thumb/v7e-m+fp/hard\libc_nano.a(libc_a-lseekr.o)
                0x0800053c                _lseek_r
 .text._read_r  0x08000560       0x24 D:/PROGRA~2/STM32_~1/gcc_arm/bin/../lib/gcc/arm-none-eabi/14.3.1/../../../../arm-none-eabi/lib/thumb/v7e-m+fp/hard\libc_nano.a(libc_a-readr.o)
                0x08000560                _read_r
 .text._write_r
                0x08000584       0x24 D:/PROGRA~2/STM32_~1/gcc_arm/bin/../lib/gcc/arm-none-eabi/14.3.1/../../../../arm-none-eabi/lib/thumb/v7e-m+fp/hard\libc_nano.a(libc_a-writer.o)
                0x08000584                _write_r
 .text.__libc_init_array
                0x080005a8       0x48 D:/PROGRA~2/STM32_~1/gcc_arm/bin/../lib/gcc/arm-none-eabi/14.3.1/../../../../arm-none-eabi/lib/thumb/v7e-m+fp/hard\libc_nano.a(libc_a-init.o)
                0x080005a8                __libc_init_array
 .text.__retarget_lock_init_recursive
                0x080005f0        0x2 D:/PROGRA~2/STM32_~1/gcc_arm/bin/../lib/gcc/arm-none-eabi/14.3.1/../../../../arm-none-eabi/lib/thumb/v7e-m+fp/hard\libc_nano.a(libc_a-lock.o)
                0x080005f0                __retarget_lock_init_recursive
 .text.__retarget_lock_acquire_recursive
                0x080005f2        0x2 D:/PROGRA~2/STM32_~1/gcc_arm/bin/../lib/gcc/arm-none-eabi/14.3.1/../../../../arm-none-eabi/lib/thumb/v7e-m+fp/hard\libc_nano.a(libc_a-lock.o)
                0x080005f2                __retarget_lock_acquire_recursive
 .text.__retarget_lock_release_recursive
                0x080005f4        0x2 D:/PROGRA~2/STM32_~1/gcc_arm/bin/../lib/gcc/arm-none-eabi/14.3.1/../../../../arm-none-eabi/lib/thumb/v7e-m+fp/hard\libc_nano.a(libc_a-lock.o)
                0x080005f4                __retarget_lock_release_recursive
 *fill*         0x080005f6        0x2 
 .text._free_r  0x080005f8       0x94 D:/PROGRA~2/STM32_~1/gcc_arm/bin/../lib/gcc/arm-none-eabi/14.3.1/../../../../arm-none-eabi/lib/thumb/v7e-m+fp/hard\libc_nano.a(libc_a-freer.o)
                0x080005f8                _free_r
 .text.sbrk_aligned
                0x0800068c       0x44 D:/PROGRA~2/STM32_~1/gcc_arm/bin/../lib/gcc/arm-none-eabi/14.3.1/../../../../arm-none-eabi/lib/thumb/v7e-m+fp/hard\libc_nano.a(libc_a-mallocr.o)
 .text._malloc_r
                0x080006d0      0x100 D:/PROGRA~2/STM32_~1/gcc_arm/bin/../lib/gcc/arm-none-eabi/14.3.1/../../../../arm-none-eabi/lib/thumb/v7e-m+fp/hard\libc_nano.a(libc_a-mallocr.o)
                0x080006d0                _malloc_r
 .text.__malloc_lock
                0x080007d0        0xc D:/PROGRA~2/STM32_~1/gcc_arm/bin/../lib/gcc/arm-none-eabi/14.3.1/../../../../arm-none-eabi/lib/thumb/v7e-m+fp/hard\libc_nano.a(libc_a-mlock.o)
                0x080007d0                __malloc_lock
 .text.__malloc_unlock
                0x080007dc        0xc D:/PROGRA~2/STM32_~1/gcc_arm/bin/../lib/gcc/arm-none-eabi/14.3.1/../../../../arm-none-eabi/lib/thumb/v7e-m+fp/hard\libc_nano.a(libc_a-mlock.o)
                0x080007dc                __malloc_unlock
 .text.__sflush_r
                0x080007e8      0x104 D:/PROGRA~2/STM32_~1/gcc_arm/bin/../lib/gcc/arm-none-eabi/14.3.1/../../../../arm-none-eabi/lib/thumb/v7e-m+fp/hard\libc_nano.a(libc_a-fflush.o)
                0x080007e8                __sflush_r
 .text._fflush_r
                0x080008ec       0x50 D:/PROGRA~2/STM32_~1/gcc_arm/bin/../lib/gcc/arm-none-eabi/14.3.1/../../../../arm-none-eabi/lib/thumb/v7e-m+fp/hard\libc_nano.a(libc_a-fflush.o)
                0x080008ec                _fflush_r
 .text._sbrk_r  0x0800093c       0x20 D:/PROGRA~2/STM32_~1/gcc_arm/bin/../lib/gcc/arm-none-eabi/14.3.1/../../../../arm-none-eabi/lib/thumb/v7e-m+fp/hard\libc_nano.a(libc_a-sbrkr.o)
                0x0800093c                _sbrk_r
 .text.SystemInit
                0x0800095c       0x24 cmake/stm32cubemx/CMakeFiles/STM32_Drivers.dir/__/__/Core/Src/system_stm32f4xx.c.obj
                0x0800095c                SystemInit
 .text.HAL_UART_Init
                0x08000980       0xa0 cmake/stm32cubemx/CMakeFiles/STM32_Drivers.dir/__/__/Drivers/STM32F4xx_HAL_Driver/Src/stm32f4xx_hal_uart.c.obj
                0x08000980                HAL_UART_Init
 .text.HAL_UART_Transmit
                0x08000a20      0x116 cmake/stm32cubemx/CMakeFiles/STM32_Drivers.dir/__/__/Drivers/STM32F4xx_HAL_Driver/Src/stm32f4xx_hal_uart.c.obj
                0x08000a20                HAL_UART_Transmit
 .text.UART_WaitOnFlagUntilTimeout
                0x08000b36       0xb2 cmake/stm32cubemx/CMakeFiles/STM32_Drivers.dir/__/__/Drivers/STM32F4xx_HAL_Driver/Src/stm32f4xx_hal_uart.c.obj
 .text.UART_EndRxTransfer
                0x08000be8       0xc6 cmake/stm32cubemx/CMakeFiles/STM32_Drivers.dir/__/__/Drivers/STM32F4xx_HAL_Driver/Src/stm32f4xx_hal_uart.c.obj
 *fill*         0x08000cae        0x2 
 .text.UART_SetConfig
                0x08000cb0      0x4e8 cmake/stm32cubemx/CMakeFiles/STM32_Drivers.dir/__/__/Drivers/STM32F4xx_HAL_Driver/Src/stm32f4xx_hal_uart.c.obj
 .text.HAL_RCC_OscConfig
                0x08001198      0x4f0 cmake/stm32cubemx/CMakeFiles/STM32_Drivers.dir/__/__/Drivers/STM32F4xx_HAL_Driver/Src/stm32f4xx_hal_rcc.c.obj
                0x08001198                HAL_RCC_OscConfig
 .text.HAL_RCC_ClockConfig
                0x08001688      0x1cc cmake/stm32cubemx/CMakeFiles/STM32_Drivers.dir/__/__/Drivers/STM32F4xx_HAL_Driver/Src/stm32f4xx_hal_rcc.c.obj
                0x08001688                HAL_RCC_ClockConfig
 .text.HAL_RCC_GetSysClockFreq
                0x08001854      0x20c cmake/stm32cubemx/CMakeFiles/STM32_Drivers.dir/__/__/Drivers/STM32F4xx_HAL_Driver/Src/stm32f4xx_hal_rcc.c.obj
                0x08001854                HAL_RCC_GetSysClockFreq
 .text.HAL_RCC_GetHCLKFreq
                0x08001a60       0x18 cmake/stm32cubemx/CMakeFiles/STM32_Drivers.dir/__/__/Drivers/STM32F4xx_HAL_Driver/Src/stm32f4xx_hal_rcc.c.obj
                0x08001a60                HAL_RCC_GetHCLKFreq
 .text.HAL_RCC_GetPCLK1Freq
                0x08001a78       0x28 cmake/stm32cubemx/CMakeFiles/STM32_Drivers.dir/__/__/Drivers/STM32F4xx_HAL_Driver/Src/stm32f4xx_hal_rcc.c.obj
                0x08001a78                HAL_RCC_GetPCLK1Freq
 .text.HAL_RCC_GetPCLK2Freq
                0x08001aa0       0x28 cmake/stm32cubemx/CMakeFiles/STM32_Drivers.dir/__/__/Drivers/STM32F4xx_HAL_Driver/Src/stm32f4xx_hal_rcc.c.obj
                0x08001aa0                HAL_RCC_GetPCLK2Freq
 .text.HAL_GPIO_Init
                0x08001ac8      0x338 cmake/stm32cubemx/CMakeFiles/STM32_Drivers.dir/__/__/Drivers/STM32F4xx_HAL_Driver/Src/stm32f4xx_hal_gpio.c.obj
                0x08001ac8                HAL_GPIO_Init
 .text.HAL_GPIO_ReadPin
                0x08001e00       0x30 cmake/stm32cubemx/CMakeFiles/STM32_Drivers.dir/__/__/Drivers/STM32F4xx_HAL_Driver/Src/stm32f4xx_hal_gpio.c.obj
                0x08001e00                HAL_GPIO_ReadPin
 .text.HAL_GPIO_WritePin
                0x08001e30       0x32 cmake/stm32cubemx/CMakeFiles/STM32_Drivers.dir/__/__/Drivers/STM32F4xx_HAL_Driver/Src/stm32f4xx_hal_gpio.c.obj
                0x08001e30                HAL_GPIO_WritePin
 .text.HAL_GPIO_TogglePin
                0x08001e62       0x34 cmake/stm32cubemx/CMakeFiles/STM32_Drivers.dir/__/__/Drivers/STM32F4xx_HAL_Driver/Src/stm32f4xx_hal_gpio.c.obj
                0x08001e62                HAL_GPIO_TogglePin
 *fill*         0x08001e96        0x2 
 .text.__NVIC_SetPriorityGrouping
                0x08001e98       0x48 cmake/stm32cubemx/CMakeFiles/STM32_Drivers.dir/__/__/Drivers/STM32F4xx_HAL_Driver/Src/stm32f4xx_hal_cortex.c.obj
 .text.__NVIC_GetPriorityGrouping
                0x08001ee0       0x1c cmake/stm32cubemx/CMakeFiles/STM32_Drivers.dir/__/__/Drivers/STM32F4xx_HAL_Driver/Src/stm32f4xx_hal_cortex.c.obj
 .text.__NVIC_SetPriority
                0x08001efc       0x54 cmake/stm32cubemx/CMakeFiles/STM32_Drivers.dir/__/__/Drivers/STM32F4xx_HAL_Driver/Src/stm32f4xx_hal_cortex.c.obj
 .text.NVIC_EncodePriority
                0x08001f50       0x66 cmake/stm32cubemx/CMakeFiles/STM32_Drivers.dir/__/__/Drivers/STM32F4xx_HAL_Driver/Src/stm32f4xx_hal_cortex.c.obj
 *fill*         0x08001fb6        0x2 
 .text.SysTick_Config
                0x08001fb8       0x44 cmake/stm32cubemx/CMakeFiles/STM32_Drivers.dir/__/__/Drivers/STM32F4xx_HAL_Driver/Src/stm32f4xx_hal_cortex.c.obj
 .text.HAL_NVIC_SetPriorityGrouping
                0x08001ffc       0x16 cmake/stm32cubemx/CMakeFiles/STM32_Drivers.dir/__/__/Drivers/STM32F4xx_HAL_Driver/Src/stm32f4xx_hal_cortex.c.obj
                0x08001ffc                HAL_NVIC_SetPriorityGrouping
 .text.HAL_NVIC_SetPriority
                0x08002012       0x38 cmake/stm32cubemx/CMakeFiles/STM32_Drivers.dir/__/__/Drivers/STM32F4xx_HAL_Driver/Src/stm32f4xx_hal_cortex.c.obj
                0x08002012                HAL_NVIC_SetPriority
 .text.HAL_SYSTICK_Config
                0x0800204a       0x18 cmake/stm32cubemx/CMakeFiles/STM32_Drivers.dir/__/__/Drivers/STM32F4xx_HAL_Driver/Src/stm32f4xx_hal_cortex.c.obj
                0x0800204a                HAL_SYSTICK_Config
 *fill*         0x08002062        0x2 
 .text.HAL_Init
                0x08002064       0x44 cmake/stm32cubemx/CMakeFiles/STM32_Drivers.dir/__/__/Drivers/STM32F4xx_HAL_Driver/Src/stm32f4xx_hal.c.obj
                0x08002064                HAL_Init
 .text.HAL_InitTick
                0x080020a8       0x60 cmake/stm32cubemx/CMakeFiles/STM32_Drivers.dir/__/__/Drivers/STM32F4xx_HAL_Driver/Src/stm32f4xx_hal.c.obj
                0x080020a8                HAL_InitTick
 .text.HAL_IncTick
                0x08002108       0x28 cmake/stm32cubemx/CMakeFiles/STM32_Drivers.dir/__/__/Drivers/STM32F4xx_HAL_Driver/Src/stm32f4xx_hal.c.obj
                0x08002108                HAL_IncTick
 .text.HAL_GetTick
                0x08002130       0x18 cmake/stm32cubemx/CMakeFiles/STM32_Drivers.dir/__/__/Drivers/STM32F4xx_HAL_Driver/Src/stm32f4xx_hal.c.obj
                0x08002130                HAL_GetTick
 .text.HAL_Delay
                0x08002148       0x48 cmake/stm32cubemx/CMakeFiles/STM32_Drivers.dir/__/__/Drivers/STM32F4xx_HAL_Driver/Src/stm32f4xx_hal.c.obj
                0x08002148                HAL_Delay
 .text.main     0x08002190      0x1ac CMakeFiles/frank_hou.dir/Core/Src/main.c.obj
                0x08002190                main
 .text.SystemClock_Config
                0x0800233c       0xd4 CMakeFiles/frank_hou.dir/Core/Src/main.c.obj
                0x0800233c                SystemClock_Config
 .text.Error_Handler
                0x08002410        0xc CMakeFiles/frank_hou.dir/Core/Src/main.c.obj
                0x08002410                Error_Handler
 .text.MX_GPIO_Init
                0x0800241c      0x120 CMakeFiles/frank_hou.dir/Core/Src/gpio.c.obj
                0x0800241c                MX_GPIO_Init
 .text.__io_putchar
                0x0800253c       0x24 CMakeFiles/frank_hou.dir/Core/Src/usart.c.obj
                0x0800253c                __io_putchar
 .text.MX_USART1_UART_Init
                0x08002560       0x54 CMakeFiles/frank_hou.dir/Core/Src/usart.c.obj
                0x08002560                MX_USART1_UART_Init
 .text.HAL_UART_MspInit
                0x080025b4       0x90 CMakeFiles/frank_hou.dir/Core/Src/usart.c.obj
                0x080025b4                HAL_UART_MspInit
 .text.NMI_Handler
                0x08002644        0x8 CMakeFiles/frank_hou.dir/Core/Src/stm32f4xx_it.c.obj
                0x08002644                NMI_Handler
 .text.HardFault_Handler
                0x0800264c        0x8 CMakeFiles/frank_hou.dir/Core/Src/stm32f4xx_it.c.obj
                0x0800264c                HardFault_Handler
 .text.MemManage_Handler
                0x08002654        0x8 CMakeFiles/frank_hou.dir/Core/Src/stm32f4xx_it.c.obj
                0x08002654                MemManage_Handler
 .text.BusFault_Handler
                0x0800265c        0x8 CMakeFiles/frank_hou.dir/Core/Src/stm32f4xx_it.c.obj
                0x0800265c                BusFault_Handler
 .text.UsageFault_Handler
                0x08002664        0x8 CMakeFiles/frank_hou.dir/Core/Src/stm32f4xx_it.c.obj
                0x08002664                UsageFault_Handler
 .text.SVC_Handler
                0x0800266c        0xe CMakeFiles/frank_hou.dir/Core/Src/stm32f4xx_it.c.obj
                0x0800266c                SVC_Handler
 .text.DebugMon_Handler
                0x0800267a        0xe CMakeFiles/frank_hou.dir/Core/Src/stm32f4xx_it.c.obj
                0x0800267a                DebugMon_Handler
 .text.PendSV_Handler
                0x08002688        0xe CMakeFiles/frank_hou.dir/Core/Src/stm32f4xx_it.c.obj
                0x08002688                PendSV_Handler
 .text.SysTick_Handler
                0x08002696        0xc CMakeFiles/frank_hou.dir/Core/Src/stm32f4xx_it.c.obj
                0x08002696                SysTick_Handler
 *fill*         0x080026a2        0x2 
 .text.HAL_MspInit
                0x080026a4       0x50 CMakeFiles/frank_hou.dir/Core/Src/stm32f4xx_hal_msp.c.obj
                0x080026a4                HAL_MspInit
 .text._sbrk    0x080026f4       0x6c CMakeFiles/frank_hou.dir/Core/Src/sysmem.c.obj
                0x080026f4                _sbrk
 .text._read    0x08002760       0x3a CMakeFiles/frank_hou.dir/Core/Src/syscalls.c.obj
                0x08002760                _read
 .text._write   0x0800279a       0x38 CMakeFiles/frank_hou.dir/Core/Src/syscalls.c.obj
                0x0800279a                _write
 .text._close   0x080027d2       0x18 CMakeFiles/frank_hou.dir/Core/Src/syscalls.c.obj
                0x080027d2                _close
 .text._fstat   0x080027ea       0x20 CMakeFiles/frank_hou.dir/Core/Src/syscalls.c.obj
                0x080027ea                _fstat
 .text._isatty  0x0800280a       0x16 CMakeFiles/frank_hou.dir/Core/Src/syscalls.c.obj
                0x0800280a                _isatty
 .text._lseek   0x08002820       0x1a CMakeFiles/frank_hou.dir/Core/Src/syscalls.c.obj
                0x08002820                _lseek
 *fill*         0x0800283a        0x2 
 .text.Reset_Handler
                0x0800283c       0x50 CMakeFiles/frank_hou.dir/startup_stm32f407xx.s.obj
                0x0800283c                Reset_Handler
 .text.Default_Handler
                0x0800288c        0x2 CMakeFiles/frank_hou.dir/startup_stm32f407xx.s.obj
                0x0800288c                RTC_Alarm_IRQHandler
                0x0800288c                HASH_RNG_IRQHandler
                0x0800288c                EXTI2_IRQHandler
                0x0800288c                TIM8_CC_IRQHandler
                0x0800288c                TIM1_CC_IRQHandler
                0x0800288c                DMA2_Stream5_IRQHandler
                0x0800288c                DMA1_Stream5_IRQHandler
                0x0800288c                PVD_IRQHandler
                0x0800288c                SDIO_IRQHandler
                0x0800288c                TAMP_STAMP_IRQHandler
                0x0800288c                CAN2_RX1_IRQHandler
                0x0800288c                EXTI3_IRQHandler
                0x0800288c                TIM8_TRG_COM_TIM14_IRQHandler
                0x0800288c                TIM1_UP_TIM10_IRQHandler
                0x0800288c                TIM8_UP_TIM13_IRQHandler
                0x0800288c                I2C3_ER_IRQHandler
                0x0800288c                EXTI0_IRQHandler
                0x0800288c                I2C2_EV_IRQHandler
                0x0800288c                DMA1_Stream2_IRQHandler
                0x0800288c                CAN1_RX0_IRQHandler
                0x0800288c                FPU_IRQHandler
                0x0800288c                OTG_HS_WKUP_IRQHandler
                0x0800288c                CAN2_SCE_IRQHandler
                0x0800288c                DMA2_Stream2_IRQHandler
                0x0800288c                SPI1_IRQHandler
                0x0800288c                TIM6_DAC_IRQHandler
                0x0800288c                TIM1_BRK_TIM9_IRQHandler
                0x0800288c                DCMI_IRQHandler
                0x0800288c                CAN2_RX0_IRQHandler
                0x0800288c                DMA2_Stream3_IRQHandler
                0x0800288c                USART6_IRQHandler
                0x0800288c                USART3_IRQHandler
                0x0800288c                CAN1_RX1_IRQHandler
                0x0800288c                UART5_IRQHandler
                0x0800288c                DMA2_Stream0_IRQHandler
                0x0800288c                TIM4_IRQHandler
                0x0800288c                I2C1_EV_IRQHandler
                0x0800288c                DMA1_Stream6_IRQHandler
                0x0800288c                DMA1_Stream1_IRQHandler
                0x0800288c                UART4_IRQHandler
                0x0800288c                TIM3_IRQHandler
                0x0800288c                RCC_IRQHandler
                0x0800288c                TIM8_BRK_TIM12_IRQHandler
                0x0800288c                Default_Handler
                0x0800288c                EXTI15_10_IRQHandler
                0x0800288c                ADC_IRQHandler
                0x0800288c                DMA1_Stream7_IRQHandler
                0x0800288c                TIM7_IRQHandler
                0x0800288c                CAN2_TX_IRQHandler
                0x0800288c                TIM5_IRQHandler
                0x0800288c                DMA2_Stream7_IRQHandler
                0x0800288c                I2C3_EV_IRQHandler
                0x0800288c                EXTI9_5_IRQHandler
                0x0800288c                RTC_WKUP_IRQHandler
                0x0800288c                ETH_WKUP_IRQHandler
                0x0800288c                SPI2_IRQHandler
                0x0800288c                OTG_HS_EP1_IN_IRQHandler
                0x0800288c                DMA1_Stream0_IRQHandler
                0x0800288c                CAN1_TX_IRQHandler
                0x0800288c                EXTI4_IRQHandler
                0x0800288c                FSMC_IRQHandler
                0x0800288c                ETH_IRQHandler
                0x0800288c                OTG_HS_EP1_OUT_IRQHandler
                0x0800288c                WWDG_IRQHandler
                0x0800288c                TIM2_IRQHandler
                0x0800288c                OTG_FS_WKUP_IRQHandler
                0x0800288c                TIM1_TRG_COM_TIM11_IRQHandler
                0x0800288c                OTG_HS_IRQHandler
                0x0800288c                EXTI1_IRQHandler
                0x0800288c                USART2_IRQHandler
                0x0800288c                I2C2_ER_IRQHandler
                0x0800288c                DMA2_Stream1_IRQHandler
                0x0800288c                CAN1_SCE_IRQHandler
                0x0800288c                FLASH_IRQHandler
                0x0800288c                DMA2_Stream4_IRQHandler
                0x0800288c                USART1_IRQHandler
                0x0800288c                OTG_FS_IRQHandler
                0x0800288c                SPI3_IRQHandler
                0x0800288c                DMA1_Stream4_IRQHandler
                0x0800288c                I2C1_ER_IRQHandler
                0x0800288c                DMA2_Stream6_IRQHandler
                0x0800288c                DMA1_Stream3_IRQHandler
 .text.test     0x0800288e       0x20 CMakeFiles/frank_hou.dir/Core/test_1/test.c.obj
                0x0800288e                test
 *fill*         0x080028ae        0x2 
 .text.__udivmoddi4
                0x080028b0      0x2f8 D:/PROGRA~2/STM32_~1/gcc_arm/bin/../lib/gcc/arm-none-eabi/14.3.1/thumb/v7e-m+fp/hard\libgcc.a(_udivmoddi4.o)
                0x080028b0                __udivmoddi4
 .text.printf   0x08002ba8       0x24 D:/PROGRA~2/STM32_~1/gcc_arm/bin/../lib/gcc/arm-none-eabi/14.3.1/../../../../arm-none-eabi/lib/thumb/v7e-m+fp/hard\libg_nano.a(libc_a-printf.o)
                0x08002ba8                iprintf
                0x08002ba8                printf
 .text.__errno  0x08002bcc        0xc D:/PROGRA~2/STM32_~1/gcc_arm/bin/../lib/gcc/arm-none-eabi/14.3.1/../../../../arm-none-eabi/lib/thumb/v7e-m+fp/hard\libg_nano.a(libc_a-errno.o)
                0x08002bcc                __errno
 .text.__sfputc_r
                0x08002bd8       0x2e D:/PROGRA~2/STM32_~1/gcc_arm/bin/../lib/gcc/arm-none-eabi/14.3.1/../../../../arm-none-eabi/lib/thumb/v7e-m+fp/hard\libg_nano.a(libc_a-nano-vfprintf.o)
 .text.__sfputs_r
                0x08002c06       0x24 D:/PROGRA~2/STM32_~1/gcc_arm/bin/../lib/gcc/arm-none-eabi/14.3.1/../../../../arm-none-eabi/lib/thumb/v7e-m+fp/hard\libg_nano.a(libc_a-nano-vfprintf.o)
                0x08002c06                __sfputs_r
 *fill*         0x08002c2a        0x2 
 .text._vfprintf_r
                0x08002c2c      0x228 D:/PROGRA~2/STM32_~1/gcc_arm/bin/../lib/gcc/arm-none-eabi/14.3.1/../../../../arm-none-eabi/lib/thumb/v7e-m+fp/hard\libg_nano.a(libc_a-nano-vfprintf.o)
                0x08002c2c                _vfprintf_r
                0x08002c2c                _vfiprintf_r
 .text._printf_common
                0x08002e54       0xda D:/PROGRA~2/STM32_~1/gcc_arm/bin/../lib/gcc/arm-none-eabi/14.3.1/../../../../arm-none-eabi/lib/thumb/v7e-m+fp/hard\libg_nano.a(libc_a-nano-vfprintf_i.o)
                0x08002e54                _printf_common
 *fill*         0x08002f2e        0x2 
 .text._printf_i
                0x08002f30      0x24c D:/PROGRA~2/STM32_~1/gcc_arm/bin/../lib/gcc/arm-none-eabi/14.3.1/../../../../arm-none-eabi/lib/thumb/v7e-m+fp/hard\libg_nano.a(libc_a-nano-vfprintf_i.o)
                0x08002f30                _printf_i
 .text.__swbuf_r
                0x0800317c       0x7c D:/PROGRA~2/STM32_~1/gcc_arm/bin/../lib/gcc/arm-none-eabi/14.3.1/../../../../arm-none-eabi/lib/thumb/v7e-m+fp/hard\libg_nano.a(libc_a-wbuf.o)
                0x0800317c                __swbuf_r
 .text.__swsetup_r
                0x080031f8       0xa8 D:/PROGRA~2/STM32_~1/gcc_arm/bin/../lib/gcc/arm-none-eabi/14.3.1/../../../../arm-none-eabi/lib/thumb/v7e-m+fp/hard\libg_nano.a(libc_a-wsetup.o)
                0x080031f8                __swsetup_r
 .text.__swhatbuf_r
                0x080032a0       0x48 D:/PROGRA~2/STM32_~1/gcc_arm/bin/../lib/gcc/arm-none-eabi/14.3.1/../../../../arm-none-eabi/lib/thumb/v7e-m+fp/hard\libg_nano.a(libc_a-makebuf.o)
                0x080032a0                __swhatbuf_r
 .text.__smakebuf_r
                0x080032e8       0x72 D:/PROGRA~2/STM32_~1/gcc_arm/bin/../lib/gcc/arm-none-eabi/14.3.1/../../../../arm-none-eabi/lib/thumb/v7e-m+fp/hard\libg_nano.a(libc_a-makebuf.o)
                0x080032e8                __smakebuf_r
 *fill*         0x0800335a        0x2 
 .text._fstat_r
                0x0800335c       0x24 D:/PROGRA~2/STM32_~1/gcc_arm/bin/../lib/gcc/arm-none-eabi/14.3.1/../../../../arm-none-eabi/lib/thumb/v7e-m+fp/hard\libg_nano.a(libc_a-fstatr.o)
                0x0800335c                _fstat_r
 .text._isatty_r
                0x08003380       0x20 D:/PROGRA~2/STM32_~1/gcc_arm/bin/../lib/gcc/arm-none-eabi/14.3.1/../../../../arm-none-eabi/lib/thumb/v7e-m+fp/hard\libg_nano.a(libc_a-isattyr.o)
                0x08003380                _isatty_r
 *(.glue_7)
 .glue_7        0x080033a0        0x0 linker stubs
 *(.glue_7t)
 .glue_7t       0x080033a0        0x0 linker stubs
 *(.eh_frame)
 .eh_frame      0x080033a0        0x0 D:/PROGRA~2/STM32_~1/gcc_arm/bin/../lib/gcc/arm-none-eabi/14.3.1/thumb/v7e-m+fp/hard/crtbegin.o
 *(.init)
 .init          0x080033a0        0x4 D:/PROGRA~2/STM32_~1/gcc_arm/bin/../lib/gcc/arm-none-eabi/14.3.1/thumb/v7e-m+fp/hard/crti.o
                0x080033a0                _init
 .init          0x080033a4        0x8 D:/PROGRA~2/STM32_~1/gcc_arm/bin/../lib/gcc/arm-none-eabi/14.3.1/thumb/v7e-m+fp/hard/crtn.o
 *(.fini)
 .fini          0x080033ac        0x4 D:/PROGRA~2/STM32_~1/gcc_arm/bin/../lib/gcc/arm-none-eabi/14.3.1/thumb/v7e-m+fp/hard/crti.o
                0x080033ac                _fini
 .fini          0x080033b0        0x8 D:/PROGRA~2/STM32_~1/gcc_arm/bin/../lib/gcc/arm-none-eabi/14.3.1/thumb/v7e-m+fp/hard/crtn.o
                0x080033b8                        . = ALIGN (0x4)
                0x080033b8                        _etext = .

.vfp11_veneer   0x080033b8        0x0
 .vfp11_veneer  0x080033b8        0x0 linker stubs

.v4_bx          0x080033b8        0x0
 .v4_bx         0x080033b8        0x0 linker stubs

.iplt           0x080033b8        0x0
 .iplt          0x080033b8        0x0 D:/PROGRA~2/STM32_~1/gcc_arm/bin/../lib/gcc/arm-none-eabi/14.3.1/thumb/v7e-m+fp/hard/crtbegin.o

.rodata         0x080033b8       0x84
                0x080033b8                        . = ALIGN (0x4)
 *(.rodata)
 .rodata        0x080033b8       0x36 CMakeFiles/frank_hou.dir/Core/Src/main.c.obj
 *(.rodata*)
 *fill*         0x080033ee        0x2 
 .rodata.AHBPrescTable
                0x080033f0       0x10 cmake/stm32cubemx/CMakeFiles/STM32_Drivers.dir/__/__/Core/Src/system_stm32f4xx.c.obj
                0x080033f0                AHBPrescTable
 .rodata.APBPrescTable
                0x08003400        0x8 cmake/stm32cubemx/CMakeFiles/STM32_Drivers.dir/__/__/Core/Src/system_stm32f4xx.c.obj
                0x08003400                APBPrescTable
 .rodata._vfprintf_r.str1.1
                0x08003408       0x33 D:/PROGRA~2/STM32_~1/gcc_arm/bin/../lib/gcc/arm-none-eabi/14.3.1/../../../../arm-none-eabi/lib/thumb/v7e-m+fp/hard\libg_nano.a(libc_a-nano-vfprintf.o)
                                 0x11 (size before relaxing)
 .rodata._printf_i.str1.1
                0x0800343b       0x22 D:/PROGRA~2/STM32_~1/gcc_arm/bin/../lib/gcc/arm-none-eabi/14.3.1/../../../../arm-none-eabi/lib/thumb/v7e-m+fp/hard\libg_nano.a(libc_a-nano-vfprintf_i.o)
                0x08003460                        . = ALIGN (0x4)
 *fill*         0x0800343b        0x1 

.ARM.extab      0x0800343c        0x0
                0x0800343c                        . = ALIGN (0x4)
 *(.ARM.extab* .gnu.linkonce.armextab.*)
                0x0800343c                        . = ALIGN (0x4)

.ARM            0x0800343c        0x8
                0x0800343c                        . = ALIGN (0x4)
                0x0800343c                        __exidx_start = .
 *(.ARM.exidx*)
 .ARM.exidx     0x0800343c        0x8 D:/PROGRA~2/STM32_~1/gcc_arm/bin/../lib/gcc/arm-none-eabi/14.3.1/../../../../arm-none-eabi/lib/thumb/v7e-m+fp/hard\libg_nano.a(libc_a-memchr.o)
 .ARM.exidx.text.__udivmoddi4
                0x08003444        0x0 D:/PROGRA~2/STM32_~1/gcc_arm/bin/../lib/gcc/arm-none-eabi/14.3.1/thumb/v7e-m+fp/hard\libgcc.a(_udivmoddi4.o)
                                  0x8 (size before relaxing)
                0x08003444                        __exidx_end = .
                0x08003444                        . = ALIGN (0x4)

.preinit_array  0x08003444        0x0
                0x08003444                        . = ALIGN (0x4)
                0x08003444                        PROVIDE (__preinit_array_start = .)
 *(.preinit_array*)
                0x08003444                        PROVIDE (__preinit_array_end = .)
                0x08003444                        . = ALIGN (0x4)

.init_array     0x08003444        0x4
                0x08003444                        . = ALIGN (0x4)
                0x08003444                        PROVIDE (__init_array_start = .)
 *(SORT_BY_NAME(.init_array.*))
 *(.init_array*)
 .init_array    0x08003444        0x4 D:/PROGRA~2/STM32_~1/gcc_arm/bin/../lib/gcc/arm-none-eabi/14.3.1/thumb/v7e-m+fp/hard/crtbegin.o
                0x08003448                        PROVIDE (__init_array_end = .)
                0x08003448                        . = ALIGN (0x4)

.fini_array     0x08003448        0x4
                0x08003448                        . = ALIGN (0x4)
                [!provide]                        PROVIDE (__fini_array_start = .)
 *(SORT_BY_NAME(.fini_array.*))
 *(.fini_array*)
 .fini_array    0x08003448        0x4 D:/PROGRA~2/STM32_~1/gcc_arm/bin/../lib/gcc/arm-none-eabi/14.3.1/thumb/v7e-m+fp/hard/crtbegin.o
                [!provide]                        PROVIDE (__fini_array_end = .)
                0x0800344c                        . = ALIGN (0x4)
                0x0800344c                        _sidata = LOADADDR (.data)

.rel.dyn        0x0800344c        0x0
 .rel.iplt      0x0800344c        0x0 D:/PROGRA~2/STM32_~1/gcc_arm/bin/../lib/gcc/arm-none-eabi/14.3.1/thumb/v7e-m+fp/hard/crtbegin.o

.data           0x20000000       0x68 load address 0x0800344c
                0x20000000                        . = ALIGN (0x4)
                0x20000000                        _sdata = .
 *(.data)
 *(.data*)
 .data.__sglue  0x20000000        0xc D:/PROGRA~2/STM32_~1/gcc_arm/bin/../lib/gcc/arm-none-eabi/14.3.1/../../../../arm-none-eabi/lib/thumb/v7e-m+fp/hard\libc_nano.a(libc_a-findfp.o)
                0x20000000                __sglue
 .data._impure_ptr
                0x2000000c        0x4 D:/PROGRA~2/STM32_~1/gcc_arm/bin/../lib/gcc/arm-none-eabi/14.3.1/../../../../arm-none-eabi/lib/thumb/v7e-m+fp/hard\libc_nano.a(libc_a-impure.o)
                0x2000000c                _impure_ptr
 .data._impure_data
                0x20000010       0x4c D:/PROGRA~2/STM32_~1/gcc_arm/bin/../lib/gcc/arm-none-eabi/14.3.1/../../../../arm-none-eabi/lib/thumb/v7e-m+fp/hard\libc_nano.a(libc_a-impure.o)
                0x20000010                _impure_data
 .data.SystemCoreClock
                0x2000005c        0x4 cmake/stm32cubemx/CMakeFiles/STM32_Drivers.dir/__/__/Core/Src/system_stm32f4xx.c.obj
                0x2000005c                SystemCoreClock
 .data.uwTickPrio
                0x20000060        0x4 cmake/stm32cubemx/CMakeFiles/STM32_Drivers.dir/__/__/Drivers/STM32F4xx_HAL_Driver/Src/stm32f4xx_hal.c.obj
                0x20000060                uwTickPrio
 .data.uwTickFreq
                0x20000064        0x1 cmake/stm32cubemx/CMakeFiles/STM32_Drivers.dir/__/__/Drivers/STM32F4xx_HAL_Driver/Src/stm32f4xx_hal.c.obj
                0x20000064                uwTickFreq
 *(.RamFunc)
 *(.RamFunc*)
                0x20000068                        . = ALIGN (0x4)
 *fill*         0x20000065        0x3 
                0x20000068                        _edata = .
                0x080034b4                        _siccmram = LOADADDR (.ccmram)

.tm_clone_table
                0x20000068        0x0 load address 0x080034b4
 .tm_clone_table
                0x20000068        0x0 D:/PROGRA~2/STM32_~1/gcc_arm/bin/../lib/gcc/arm-none-eabi/14.3.1/thumb/v7e-m+fp/hard/crtbegin.o
 .tm_clone_table
                0x20000068        0x0 D:/PROGRA~2/STM32_~1/gcc_arm/bin/../lib/gcc/arm-none-eabi/14.3.1/thumb/v7e-m+fp/hard/crtend.o

.igot.plt       0x20000068        0x0 load address 0x080034b4
 .igot.plt      0x20000068        0x0 D:/PROGRA~2/STM32_~1/gcc_arm/bin/../lib/gcc/arm-none-eabi/14.3.1/thumb/v7e-m+fp/hard/crtbegin.o

.ccmram         0x10000000        0x0 load address 0x080034b4
                0x10000000                        . = ALIGN (0x4)
                0x10000000                        _sccmram = .
 *(.ccmram)
 *(.ccmram*)
                0x10000000                        . = ALIGN (0x4)
                0x10000000                        _eccmram = .
                0x10000000                        . = ALIGN (0x4)

.bss            0x20000068      0x1c4
                0x20000068                        _sbss = .
                0x20000068                        __bss_start__ = _sbss
 *(.bss)
 *(.bss*)
 .bss.completed.1
                0x20000068        0x1 D:/PROGRA~2/STM32_~1/gcc_arm/bin/../lib/gcc/arm-none-eabi/14.3.1/thumb/v7e-m+fp/hard/crtbegin.o
 *fill*         0x20000069        0x3 
 .bss.object.0  0x2000006c       0x18 D:/PROGRA~2/STM32_~1/gcc_arm/bin/../lib/gcc/arm-none-eabi/14.3.1/thumb/v7e-m+fp/hard/crtbegin.o
 .bss.__sf      0x20000084      0x138 D:/PROGRA~2/STM32_~1/gcc_arm/bin/../lib/gcc/arm-none-eabi/14.3.1/../../../../arm-none-eabi/lib/thumb/v7e-m+fp/hard\libc_nano.a(libc_a-findfp.o)
                0x20000084                __sf
 .bss.__stdio_exit_handler
                0x200001bc        0x4 D:/PROGRA~2/STM32_~1/gcc_arm/bin/../lib/gcc/arm-none-eabi/14.3.1/../../../../arm-none-eabi/lib/thumb/v7e-m+fp/hard\libc_nano.a(libc_a-findfp.o)
                0x200001bc                __stdio_exit_handler
 .bss.errno     0x200001c0        0x4 D:/PROGRA~2/STM32_~1/gcc_arm/bin/../lib/gcc/arm-none-eabi/14.3.1/../../../../arm-none-eabi/lib/thumb/v7e-m+fp/hard\libc_nano.a(libc_a-reent.o)
                0x200001c0                errno
 .bss.__lock___malloc_recursive_mutex
                0x200001c4        0x1 D:/PROGRA~2/STM32_~1/gcc_arm/bin/../lib/gcc/arm-none-eabi/14.3.1/../../../../arm-none-eabi/lib/thumb/v7e-m+fp/hard\libc_nano.a(libc_a-lock.o)
                0x200001c4                __lock___malloc_recursive_mutex
 .bss.__lock___sfp_recursive_mutex
                0x200001c5        0x1 D:/PROGRA~2/STM32_~1/gcc_arm/bin/../lib/gcc/arm-none-eabi/14.3.1/../../../../arm-none-eabi/lib/thumb/v7e-m+fp/hard\libc_nano.a(libc_a-lock.o)
                0x200001c5                __lock___sfp_recursive_mutex
 *fill*         0x200001c6        0x2 
 .bss.__malloc_sbrk_start
                0x200001c8        0x4 D:/PROGRA~2/STM32_~1/gcc_arm/bin/../lib/gcc/arm-none-eabi/14.3.1/../../../../arm-none-eabi/lib/thumb/v7e-m+fp/hard\libc_nano.a(libc_a-mallocr.o)
                0x200001c8                __malloc_sbrk_start
 .bss.__malloc_free_list
                0x200001cc        0x4 D:/PROGRA~2/STM32_~1/gcc_arm/bin/../lib/gcc/arm-none-eabi/14.3.1/../../../../arm-none-eabi/lib/thumb/v7e-m+fp/hard\libc_nano.a(libc_a-mallocr.o)
                0x200001cc                __malloc_free_list
 .bss.uwTick    0x200001d0        0x4 cmake/stm32cubemx/CMakeFiles/STM32_Drivers.dir/__/__/Drivers/STM32F4xx_HAL_Driver/Src/stm32f4xx_hal.c.obj
                0x200001d0                uwTick
 .bss.led0_state
                0x200001d4        0x1 CMakeFiles/frank_hou.dir/Core/Src/main.c.obj
                0x200001d4                led0_state
 .bss.led2_state
                0x200001d5        0x1 CMakeFiles/frank_hou.dir/Core/Src/main.c.obj
                0x200001d5                led2_state
 .bss.beep_state
                0x200001d6        0x1 CMakeFiles/frank_hou.dir/Core/Src/main.c.obj
                0x200001d6                beep_state
 *fill*         0x200001d7        0x1 
 .bss.led0_timer
                0x200001d8        0x4 CMakeFiles/frank_hou.dir/Core/Src/main.c.obj
                0x200001d8                led0_timer
 .bss.led2_timer
                0x200001dc        0x4 CMakeFiles/frank_hou.dir/Core/Src/main.c.obj
                0x200001dc                led2_timer
 .bss.huart1    0x200001e0       0x48 CMakeFiles/frank_hou.dir/Core/Src/usart.c.obj
                0x200001e0                huart1
 .bss.__sbrk_heap_end
                0x20000228        0x4 CMakeFiles/frank_hou.dir/Core/Src/sysmem.c.obj
 *(COMMON)
                0x2000022c                        . = ALIGN (0x4)
                0x2000022c                        _ebss = .
                0x2000022c                        __bss_end__ = _ebss

._user_heap_stack
                0x2000022c      0x604
                0x20000230                        . = ALIGN (0x8)
 *fill*         0x2000022c        0x4 
                [!provide]                        PROVIDE (end = .)
                0x20000230                        PROVIDE (_end = .)
                0x20000430                        . = (. + _Min_Heap_Size)
 *fill*         0x20000230      0x200 
                0x20000830                        . = (. + _Min_Stack_Size)
 *fill*         0x20000430      0x400 
                0x20000830                        . = ALIGN (0x8)

/DISCARD/
 libc.a(*)
 libm.a(*)
 libgcc.a(*)
OUTPUT(frank_hou.elf elf32-littlearm)
LOAD linker stubs
LOAD D:/PROGRA~2/STM32_~1/gcc_arm/bin/../lib/gcc/arm-none-eabi/14.3.1/../../../../arm-none-eabi/lib/thumb/v7e-m+fp/hard\libc.a
LOAD D:/PROGRA~2/STM32_~1/gcc_arm/bin/../lib/gcc/arm-none-eabi/14.3.1/../../../../arm-none-eabi/lib/thumb/v7e-m+fp/hard\libm.a
LOAD D:/PROGRA~2/STM32_~1/gcc_arm/bin/../lib/gcc/arm-none-eabi/14.3.1/thumb/v7e-m+fp/hard\libgcc.a

.ARM.attributes
                0x00000000       0x30
 .ARM.attributes
                0x00000000       0x22 D:/PROGRA~2/STM32_~1/gcc_arm/bin/../lib/gcc/arm-none-eabi/14.3.1/thumb/v7e-m+fp/hard/crti.o
 .ARM.attributes
                0x00000022       0x34 D:/PROGRA~2/STM32_~1/gcc_arm/bin/../lib/gcc/arm-none-eabi/14.3.1/thumb/v7e-m+fp/hard/crtbegin.o
 .ARM.attributes
                0x00000056       0x34 D:/PROGRA~2/STM32_~1/gcc_arm/bin/../lib/gcc/arm-none-eabi/14.3.1/../../../../arm-none-eabi/lib/thumb/v7e-m+fp/hard\libc_nano.a(libc_a-findfp.o)
 .ARM.attributes
                0x0000008a       0x34 D:/PROGRA~2/STM32_~1/gcc_arm/bin/../lib/gcc/arm-none-eabi/14.3.1/../../../../arm-none-eabi/lib/thumb/v7e-m+fp/hard\libc_nano.a(libc_a-fwalk.o)
 .ARM.attributes
                0x000000be       0x34 D:/PROGRA~2/STM32_~1/gcc_arm/bin/../lib/gcc/arm-none-eabi/14.3.1/../../../../arm-none-eabi/lib/thumb/v7e-m+fp/hard\libc_nano.a(libc_a-stdio.o)
 .ARM.attributes
                0x000000f2       0x34 D:/PROGRA~2/STM32_~1/gcc_arm/bin/../lib/gcc/arm-none-eabi/14.3.1/../../../../arm-none-eabi/lib/thumb/v7e-m+fp/hard\libc_nano.a(libc_a-memset.o)
 .ARM.attributes
                0x00000126       0x34 D:/PROGRA~2/STM32_~1/gcc_arm/bin/../lib/gcc/arm-none-eabi/14.3.1/../../../../arm-none-eabi/lib/thumb/v7e-m+fp/hard\libc_nano.a(libc_a-closer.o)
 .ARM.attributes
                0x0000015a       0x34 D:/PROGRA~2/STM32_~1/gcc_arm/bin/../lib/gcc/arm-none-eabi/14.3.1/../../../../arm-none-eabi/lib/thumb/v7e-m+fp/hard\libc_nano.a(libc_a-reent.o)
 .ARM.attributes
                0x0000018e       0x34 D:/PROGRA~2/STM32_~1/gcc_arm/bin/../lib/gcc/arm-none-eabi/14.3.1/../../../../arm-none-eabi/lib/thumb/v7e-m+fp/hard\libc_nano.a(libc_a-impure.o)
 .ARM.attributes
                0x000001c2       0x34 D:/PROGRA~2/STM32_~1/gcc_arm/bin/../lib/gcc/arm-none-eabi/14.3.1/../../../../arm-none-eabi/lib/thumb/v7e-m+fp/hard\libc_nano.a(libc_a-lseekr.o)
 .ARM.attributes
                0x000001f6       0x34 D:/PROGRA~2/STM32_~1/gcc_arm/bin/../lib/gcc/arm-none-eabi/14.3.1/../../../../arm-none-eabi/lib/thumb/v7e-m+fp/hard\libc_nano.a(libc_a-readr.o)
 .ARM.attributes
                0x0000022a       0x34 D:/PROGRA~2/STM32_~1/gcc_arm/bin/../lib/gcc/arm-none-eabi/14.3.1/../../../../arm-none-eabi/lib/thumb/v7e-m+fp/hard\libc_nano.a(libc_a-writer.o)
 .ARM.attributes
                0x0000025e       0x34 D:/PROGRA~2/STM32_~1/gcc_arm/bin/../lib/gcc/arm-none-eabi/14.3.1/../../../../arm-none-eabi/lib/thumb/v7e-m+fp/hard\libc_nano.a(libc_a-init.o)
 .ARM.attributes
                0x00000292       0x34 D:/PROGRA~2/STM32_~1/gcc_arm/bin/../lib/gcc/arm-none-eabi/14.3.1/../../../../arm-none-eabi/lib/thumb/v7e-m+fp/hard\libc_nano.a(libc_a-lock.o)
 .ARM.attributes
                0x000002c6       0x34 D:/PROGRA~2/STM32_~1/gcc_arm/bin/../lib/gcc/arm-none-eabi/14.3.1/../../../../arm-none-eabi/lib/thumb/v7e-m+fp/hard\libc_nano.a(libc_a-freer.o)
 .ARM.attributes
                0x000002fa       0x34 D:/PROGRA~2/STM32_~1/gcc_arm/bin/../lib/gcc/arm-none-eabi/14.3.1/../../../../arm-none-eabi/lib/thumb/v7e-m+fp/hard\libc_nano.a(libc_a-mallocr.o)
 .ARM.attributes
                0x0000032e       0x34 D:/PROGRA~2/STM32_~1/gcc_arm/bin/../lib/gcc/arm-none-eabi/14.3.1/../../../../arm-none-eabi/lib/thumb/v7e-m+fp/hard\libc_nano.a(libc_a-mlock.o)
 .ARM.attributes
                0x00000362       0x34 D:/PROGRA~2/STM32_~1/gcc_arm/bin/../lib/gcc/arm-none-eabi/14.3.1/../../../../arm-none-eabi/lib/thumb/v7e-m+fp/hard\libc_nano.a(libc_a-fflush.o)
 .ARM.attributes
                0x00000396       0x34 D:/PROGRA~2/STM32_~1/gcc_arm/bin/../lib/gcc/arm-none-eabi/14.3.1/../../../../arm-none-eabi/lib/thumb/v7e-m+fp/hard\libc_nano.a(libc_a-sbrkr.o)
 .ARM.attributes
                0x000003ca       0x34 cmake/stm32cubemx/CMakeFiles/STM32_Drivers.dir/__/__/Core/Src/system_stm32f4xx.c.obj
 .ARM.attributes
                0x000003fe       0x34 cmake/stm32cubemx/CMakeFiles/STM32_Drivers.dir/__/__/Drivers/STM32F4xx_HAL_Driver/Src/stm32f4xx_hal_uart.c.obj
 .ARM.attributes
                0x00000432       0x34 cmake/stm32cubemx/CMakeFiles/STM32_Drivers.dir/__/__/Drivers/STM32F4xx_HAL_Driver/Src/stm32f4xx_hal_rcc.c.obj
 .ARM.attributes
                0x00000466       0x34 cmake/stm32cubemx/CMakeFiles/STM32_Drivers.dir/__/__/Drivers/STM32F4xx_HAL_Driver/Src/stm32f4xx_hal_gpio.c.obj
 .ARM.attributes
                0x0000049a       0x34 cmake/stm32cubemx/CMakeFiles/STM32_Drivers.dir/__/__/Drivers/STM32F4xx_HAL_Driver/Src/stm32f4xx_hal_cortex.c.obj
 .ARM.attributes
                0x000004ce       0x34 cmake/stm32cubemx/CMakeFiles/STM32_Drivers.dir/__/__/Drivers/STM32F4xx_HAL_Driver/Src/stm32f4xx_hal.c.obj
 .ARM.attributes
                0x00000502       0x34 CMakeFiles/frank_hou.dir/Core/Src/main.c.obj
 .ARM.attributes
                0x00000536       0x34 CMakeFiles/frank_hou.dir/Core/Src/gpio.c.obj
 .ARM.attributes
                0x0000056a       0x34 CMakeFiles/frank_hou.dir/Core/Src/usart.c.obj
 .ARM.attributes
                0x0000059e       0x34 CMakeFiles/frank_hou.dir/Core/Src/stm32f4xx_it.c.obj
 .ARM.attributes
                0x000005d2       0x34 CMakeFiles/frank_hou.dir/Core/Src/stm32f4xx_hal_msp.c.obj
 .ARM.attributes
                0x00000606       0x34 CMakeFiles/frank_hou.dir/Core/Src/sysmem.c.obj
 .ARM.attributes
                0x0000063a       0x34 CMakeFiles/frank_hou.dir/Core/Src/syscalls.c.obj
 .ARM.attributes
                0x0000066e       0x21 CMakeFiles/frank_hou.dir/startup_stm32f407xx.s.obj
 .ARM.attributes
                0x0000068f       0x34 CMakeFiles/frank_hou.dir/Core/test_1/test.c.obj
 .ARM.attributes
                0x000006c3       0x22 D:/PROGRA~2/STM32_~1/gcc_arm/bin/../lib/gcc/arm-none-eabi/14.3.1/thumb/v7e-m+fp/hard\libgcc.a(_aeabi_uldivmod.o)
 .ARM.attributes
                0x000006e5       0x34 D:/PROGRA~2/STM32_~1/gcc_arm/bin/../lib/gcc/arm-none-eabi/14.3.1/thumb/v7e-m+fp/hard\libgcc.a(_udivmoddi4.o)
 .ARM.attributes
                0x00000719       0x22 D:/PROGRA~2/STM32_~1/gcc_arm/bin/../lib/gcc/arm-none-eabi/14.3.1/thumb/v7e-m+fp/hard\libgcc.a(_dvmd_tls.o)
 .ARM.attributes
                0x0000073b       0x34 D:/PROGRA~2/STM32_~1/gcc_arm/bin/../lib/gcc/arm-none-eabi/14.3.1/../../../../arm-none-eabi/lib/thumb/v7e-m+fp/hard\libg_nano.a(libc_a-printf.o)
 .ARM.attributes
                0x0000076f       0x34 D:/PROGRA~2/STM32_~1/gcc_arm/bin/../lib/gcc/arm-none-eabi/14.3.1/../../../../arm-none-eabi/lib/thumb/v7e-m+fp/hard\libg_nano.a(libc_a-errno.o)
 .ARM.attributes
                0x000007a3       0x34 D:/PROGRA~2/STM32_~1/gcc_arm/bin/../lib/gcc/arm-none-eabi/14.3.1/../../../../arm-none-eabi/lib/thumb/v7e-m+fp/hard\libg_nano.a(libc_a-nano-vfprintf.o)
 .ARM.attributes
                0x000007d7       0x34 D:/PROGRA~2/STM32_~1/gcc_arm/bin/../lib/gcc/arm-none-eabi/14.3.1/../../../../arm-none-eabi/lib/thumb/v7e-m+fp/hard\libg_nano.a(libc_a-nano-vfprintf_i.o)
 .ARM.attributes
                0x0000080b       0x34 D:/PROGRA~2/STM32_~1/gcc_arm/bin/../lib/gcc/arm-none-eabi/14.3.1/../../../../arm-none-eabi/lib/thumb/v7e-m+fp/hard\libg_nano.a(libc_a-wbuf.o)
 .ARM.attributes
                0x0000083f       0x34 D:/PROGRA~2/STM32_~1/gcc_arm/bin/../lib/gcc/arm-none-eabi/14.3.1/../../../../arm-none-eabi/lib/thumb/v7e-m+fp/hard\libg_nano.a(libc_a-wsetup.o)
 .ARM.attributes
                0x00000873       0x1c D:/PROGRA~2/STM32_~1/gcc_arm/bin/../lib/gcc/arm-none-eabi/14.3.1/../../../../arm-none-eabi/lib/thumb/v7e-m+fp/hard\libg_nano.a(libc_a-memchr.o)
 .ARM.attributes
                0x0000088f       0x34 D:/PROGRA~2/STM32_~1/gcc_arm/bin/../lib/gcc/arm-none-eabi/14.3.1/../../../../arm-none-eabi/lib/thumb/v7e-m+fp/hard\libg_nano.a(libc_a-makebuf.o)
 .ARM.attributes
                0x000008c3       0x34 D:/PROGRA~2/STM32_~1/gcc_arm/bin/../lib/gcc/arm-none-eabi/14.3.1/../../../../arm-none-eabi/lib/thumb/v7e-m+fp/hard\libg_nano.a(libc_a-fstatr.o)
 .ARM.attributes
                0x000008f7       0x34 D:/PROGRA~2/STM32_~1/gcc_arm/bin/../lib/gcc/arm-none-eabi/14.3.1/../../../../arm-none-eabi/lib/thumb/v7e-m+fp/hard\libg_nano.a(libc_a-isattyr.o)
 .ARM.attributes
                0x0000092b       0x34 D:/PROGRA~2/STM32_~1/gcc_arm/bin/../lib/gcc/arm-none-eabi/14.3.1/thumb/v7e-m+fp/hard/crtend.o
 .ARM.attributes
                0x0000095f       0x22 D:/PROGRA~2/STM32_~1/gcc_arm/bin/../lib/gcc/arm-none-eabi/14.3.1/thumb/v7e-m+fp/hard/crtn.o

.comment        0x00000000       0x46
 .comment       0x00000000       0x46 cmake/stm32cubemx/CMakeFiles/STM32_Drivers.dir/__/__/Core/Src/system_stm32f4xx.c.obj
                                 0x47 (size before relaxing)
 .comment       0x00000046       0x47 cmake/stm32cubemx/CMakeFiles/STM32_Drivers.dir/__/__/Drivers/STM32F4xx_HAL_Driver/Src/stm32f4xx_hal_uart.c.obj
 .comment       0x00000046       0x47 cmake/stm32cubemx/CMakeFiles/STM32_Drivers.dir/__/__/Drivers/STM32F4xx_HAL_Driver/Src/stm32f4xx_hal_rcc.c.obj
 .comment       0x00000046       0x47 cmake/stm32cubemx/CMakeFiles/STM32_Drivers.dir/__/__/Drivers/STM32F4xx_HAL_Driver/Src/stm32f4xx_hal_gpio.c.obj
 .comment       0x00000046       0x47 cmake/stm32cubemx/CMakeFiles/STM32_Drivers.dir/__/__/Drivers/STM32F4xx_HAL_Driver/Src/stm32f4xx_hal_cortex.c.obj
 .comment       0x00000046       0x47 cmake/stm32cubemx/CMakeFiles/STM32_Drivers.dir/__/__/Drivers/STM32F4xx_HAL_Driver/Src/stm32f4xx_hal.c.obj
 .comment       0x00000046       0x47 CMakeFiles/frank_hou.dir/Core/Src/main.c.obj
 .comment       0x00000046       0x47 CMakeFiles/frank_hou.dir/Core/Src/gpio.c.obj
 .comment       0x00000046       0x47 CMakeFiles/frank_hou.dir/Core/Src/usart.c.obj
 .comment       0x00000046       0x47 CMakeFiles/frank_hou.dir/Core/Src/stm32f4xx_it.c.obj
 .comment       0x00000046       0x47 CMakeFiles/frank_hou.dir/Core/Src/stm32f4xx_hal_msp.c.obj
 .comment       0x00000046       0x47 CMakeFiles/frank_hou.dir/Core/Src/sysmem.c.obj
 .comment       0x00000046       0x47 CMakeFiles/frank_hou.dir/Core/Src/syscalls.c.obj
 .comment       0x00000046       0x47 CMakeFiles/frank_hou.dir/Core/test_1/test.c.obj

.debug_frame    0x00000000     0x2374
 .debug_frame   0x00000000      0x144 D:/PROGRA~2/STM32_~1/gcc_arm/bin/../lib/gcc/arm-none-eabi/14.3.1/../../../../arm-none-eabi/lib/thumb/v7e-m+fp/hard\libc_nano.a(libc_a-findfp.o)
 .debug_frame   0x00000144       0x34 D:/PROGRA~2/STM32_~1/gcc_arm/bin/../lib/gcc/arm-none-eabi/14.3.1/../../../../arm-none-eabi/lib/thumb/v7e-m+fp/hard\libc_nano.a(libc_a-fwalk.o)
 .debug_frame   0x00000178       0x88 D:/PROGRA~2/STM32_~1/gcc_arm/bin/../lib/gcc/arm-none-eabi/14.3.1/../../../../arm-none-eabi/lib/thumb/v7e-m+fp/hard\libc_nano.a(libc_a-stdio.o)
 .debug_frame   0x00000200       0x20 D:/PROGRA~2/STM32_~1/gcc_arm/bin/../lib/gcc/arm-none-eabi/14.3.1/../../../../arm-none-eabi/lib/thumb/v7e-m+fp/hard\libc_nano.a(libc_a-memset.o)
 .debug_frame   0x00000220       0x2c D:/PROGRA~2/STM32_~1/gcc_arm/bin/../lib/gcc/arm-none-eabi/14.3.1/../../../../arm-none-eabi/lib/thumb/v7e-m+fp/hard\libc_nano.a(libc_a-closer.o)
 .debug_frame   0x0000024c       0x38 D:/PROGRA~2/STM32_~1/gcc_arm/bin/../lib/gcc/arm-none-eabi/14.3.1/../../../../arm-none-eabi/lib/thumb/v7e-m+fp/hard\libc_nano.a(libc_a-reent.o)
 .debug_frame   0x00000284       0x2c D:/PROGRA~2/STM32_~1/gcc_arm/bin/../lib/gcc/arm-none-eabi/14.3.1/../../../../arm-none-eabi/lib/thumb/v7e-m+fp/hard\libc_nano.a(libc_a-lseekr.o)
 .debug_frame   0x000002b0       0x2c D:/PROGRA~2/STM32_~1/gcc_arm/bin/../lib/gcc/arm-none-eabi/14.3.1/../../../../arm-none-eabi/lib/thumb/v7e-m+fp/hard\libc_nano.a(libc_a-readr.o)
 .debug_frame   0x000002dc       0x2c D:/PROGRA~2/STM32_~1/gcc_arm/bin/../lib/gcc/arm-none-eabi/14.3.1/../../../../arm-none-eabi/lib/thumb/v7e-m+fp/hard\libc_nano.a(libc_a-writer.o)
 .debug_frame   0x00000308       0x2c D:/PROGRA~2/STM32_~1/gcc_arm/bin/../lib/gcc/arm-none-eabi/14.3.1/../../../../arm-none-eabi/lib/thumb/v7e-m+fp/hard\libc_nano.a(libc_a-init.o)
 .debug_frame   0x00000334       0xb0 D:/PROGRA~2/STM32_~1/gcc_arm/bin/../lib/gcc/arm-none-eabi/14.3.1/../../../../arm-none-eabi/lib/thumb/v7e-m+fp/hard\libc_nano.a(libc_a-lock.o)
 .debug_frame   0x000003e4       0x38 D:/PROGRA~2/STM32_~1/gcc_arm/bin/../lib/gcc/arm-none-eabi/14.3.1/../../../../arm-none-eabi/lib/thumb/v7e-m+fp/hard\libc_nano.a(libc_a-freer.o)
 .debug_frame   0x0000041c       0x50 D:/PROGRA~2/STM32_~1/gcc_arm/bin/../lib/gcc/arm-none-eabi/14.3.1/../../../../arm-none-eabi/lib/thumb/v7e-m+fp/hard\libc_nano.a(libc_a-mallocr.o)
 .debug_frame   0x0000046c       0x30 D:/PROGRA~2/STM32_~1/gcc_arm/bin/../lib/gcc/arm-none-eabi/14.3.1/../../../../arm-none-eabi/lib/thumb/v7e-m+fp/hard\libc_nano.a(libc_a-mlock.o)
 .debug_frame   0x0000049c       0x5c D:/PROGRA~2/STM32_~1/gcc_arm/bin/../lib/gcc/arm-none-eabi/14.3.1/../../../../arm-none-eabi/lib/thumb/v7e-m+fp/hard\libc_nano.a(libc_a-fflush.o)
 .debug_frame   0x000004f8       0x2c D:/PROGRA~2/STM32_~1/gcc_arm/bin/../lib/gcc/arm-none-eabi/14.3.1/../../../../arm-none-eabi/lib/thumb/v7e-m+fp/hard\libc_nano.a(libc_a-sbrkr.o)
 .debug_frame   0x00000524       0x58 cmake/stm32cubemx/CMakeFiles/STM32_Drivers.dir/__/__/Core/Src/system_stm32f4xx.c.obj
 .debug_frame   0x0000057c      0x954 cmake/stm32cubemx/CMakeFiles/STM32_Drivers.dir/__/__/Drivers/STM32F4xx_HAL_Driver/Src/stm32f4xx_hal_uart.c.obj
 .debug_frame   0x00000ed0      0x1f4 cmake/stm32cubemx/CMakeFiles/STM32_Drivers.dir/__/__/Drivers/STM32F4xx_HAL_Driver/Src/stm32f4xx_hal_rcc.c.obj
 .debug_frame   0x000010c4      0x14c cmake/stm32cubemx/CMakeFiles/STM32_Drivers.dir/__/__/Drivers/STM32F4xx_HAL_Driver/Src/stm32f4xx_hal_gpio.c.obj
 .debug_frame   0x00001210      0x508 cmake/stm32cubemx/CMakeFiles/STM32_Drivers.dir/__/__/Drivers/STM32F4xx_HAL_Driver/Src/stm32f4xx_hal_cortex.c.obj
 .debug_frame   0x00001718      0x374 cmake/stm32cubemx/CMakeFiles/STM32_Drivers.dir/__/__/Drivers/STM32F4xx_HAL_Driver/Src/stm32f4xx_hal.c.obj
 .debug_frame   0x00001a8c       0x6c CMakeFiles/frank_hou.dir/Core/Src/main.c.obj
 .debug_frame   0x00001af8       0x34 CMakeFiles/frank_hou.dir/Core/Src/gpio.c.obj
 .debug_frame   0x00001b2c       0x98 CMakeFiles/frank_hou.dir/Core/Src/usart.c.obj
 .debug_frame   0x00001bc4      0x104 CMakeFiles/frank_hou.dir/Core/Src/stm32f4xx_it.c.obj
 .debug_frame   0x00001cc8       0x38 CMakeFiles/frank_hou.dir/Core/Src/stm32f4xx_hal_msp.c.obj
 .debug_frame   0x00001d00       0x34 CMakeFiles/frank_hou.dir/Core/Src/sysmem.c.obj
 .debug_frame   0x00001d34      0x2ac CMakeFiles/frank_hou.dir/Core/Src/syscalls.c.obj
 .debug_frame   0x00001fe0       0x38 CMakeFiles/frank_hou.dir/Core/test_1/test.c.obj
 .debug_frame   0x00002018       0x2c D:/PROGRA~2/STM32_~1/gcc_arm/bin/../lib/gcc/arm-none-eabi/14.3.1/thumb/v7e-m+fp/hard\libgcc.a(_aeabi_uldivmod.o)
 .debug_frame   0x00002044       0x34 D:/PROGRA~2/STM32_~1/gcc_arm/bin/../lib/gcc/arm-none-eabi/14.3.1/thumb/v7e-m+fp/hard\libgcc.a(_udivmoddi4.o)
 .debug_frame   0x00002078       0x6c D:/PROGRA~2/STM32_~1/gcc_arm/bin/../lib/gcc/arm-none-eabi/14.3.1/../../../../arm-none-eabi/lib/thumb/v7e-m+fp/hard\libg_nano.a(libc_a-printf.o)
 .debug_frame   0x000020e4       0x20 D:/PROGRA~2/STM32_~1/gcc_arm/bin/../lib/gcc/arm-none-eabi/14.3.1/../../../../arm-none-eabi/lib/thumb/v7e-m+fp/hard\libg_nano.a(libc_a-errno.o)
 .debug_frame   0x00002104       0xa8 D:/PROGRA~2/STM32_~1/gcc_arm/bin/../lib/gcc/arm-none-eabi/14.3.1/../../../../arm-none-eabi/lib/thumb/v7e-m+fp/hard\libg_nano.a(libc_a-nano-vfprintf.o)
 .debug_frame   0x000021ac       0x60 D:/PROGRA~2/STM32_~1/gcc_arm/bin/../lib/gcc/arm-none-eabi/14.3.1/../../../../arm-none-eabi/lib/thumb/v7e-m+fp/hard\libg_nano.a(libc_a-nano-vfprintf_i.o)
 .debug_frame   0x0000220c       0x40 D:/PROGRA~2/STM32_~1/gcc_arm/bin/../lib/gcc/arm-none-eabi/14.3.1/../../../../arm-none-eabi/lib/thumb/v7e-m+fp/hard\libg_nano.a(libc_a-wbuf.o)
 .debug_frame   0x0000224c       0x2c D:/PROGRA~2/STM32_~1/gcc_arm/bin/../lib/gcc/arm-none-eabi/14.3.1/../../../../arm-none-eabi/lib/thumb/v7e-m+fp/hard\libg_nano.a(libc_a-wsetup.o)
 .debug_frame   0x00002278       0x4c D:/PROGRA~2/STM32_~1/gcc_arm/bin/../lib/gcc/arm-none-eabi/14.3.1/../../../../arm-none-eabi/lib/thumb/v7e-m+fp/hard\libg_nano.a(libc_a-memchr.o)
 .debug_frame   0x000022c4       0x58 D:/PROGRA~2/STM32_~1/gcc_arm/bin/../lib/gcc/arm-none-eabi/14.3.1/../../../../arm-none-eabi/lib/thumb/v7e-m+fp/hard\libg_nano.a(libc_a-makebuf.o)
 .debug_frame   0x0000231c       0x2c D:/PROGRA~2/STM32_~1/gcc_arm/bin/../lib/gcc/arm-none-eabi/14.3.1/../../../../arm-none-eabi/lib/thumb/v7e-m+fp/hard\libg_nano.a(libc_a-fstatr.o)
 .debug_frame   0x00002348       0x2c D:/PROGRA~2/STM32_~1/gcc_arm/bin/../lib/gcc/arm-none-eabi/14.3.1/../../../../arm-none-eabi/lib/thumb/v7e-m+fp/hard\libg_nano.a(libc_a-isattyr.o)

.debug_info     0x00000000     0x7b3e
 .debug_info    0x00000000      0x512 cmake/stm32cubemx/CMakeFiles/STM32_Drivers.dir/__/__/Core/Src/system_stm32f4xx.c.obj
 .debug_info    0x00000512     0x2f4f cmake/stm32cubemx/CMakeFiles/STM32_Drivers.dir/__/__/Drivers/STM32F4xx_HAL_Driver/Src/stm32f4xx_hal_uart.c.obj
 .debug_info    0x00003461      0x8c3 cmake/stm32cubemx/CMakeFiles/STM32_Drivers.dir/__/__/Drivers/STM32F4xx_HAL_Driver/Src/stm32f4xx_hal_rcc.c.obj
 .debug_info    0x00003d24      0x6c3 cmake/stm32cubemx/CMakeFiles/STM32_Drivers.dir/__/__/Drivers/STM32F4xx_HAL_Driver/Src/stm32f4xx_hal_gpio.c.obj
 .debug_info    0x000043e7      0xd8c cmake/stm32cubemx/CMakeFiles/STM32_Drivers.dir/__/__/Drivers/STM32F4xx_HAL_Driver/Src/stm32f4xx_hal_cortex.c.obj
 .debug_info    0x00005173      0x944 cmake/stm32cubemx/CMakeFiles/STM32_Drivers.dir/__/__/Drivers/STM32F4xx_HAL_Driver/Src/stm32f4xx_hal.c.obj
 .debug_info    0x00005ab7      0x6d1 CMakeFiles/frank_hou.dir/Core/Src/main.c.obj
 .debug_info    0x00006188      0x425 CMakeFiles/frank_hou.dir/Core/Src/gpio.c.obj
 .debug_info    0x000065ad      0x96b CMakeFiles/frank_hou.dir/Core/Src/usart.c.obj
 .debug_info    0x00006f18      0x112 CMakeFiles/frank_hou.dir/Core/Src/stm32f4xx_it.c.obj
 .debug_info    0x0000702a      0x269 CMakeFiles/frank_hou.dir/Core/Src/stm32f4xx_hal_msp.c.obj
 .debug_info    0x00007293      0x168 CMakeFiles/frank_hou.dir/Core/Src/sysmem.c.obj
 .debug_info    0x000073fb      0x6a3 CMakeFiles/frank_hou.dir/Core/Src/syscalls.c.obj
 .debug_info    0x00007a9e       0x30 CMakeFiles/frank_hou.dir/startup_stm32f407xx.s.obj
 .debug_info    0x00007ace       0x70 CMakeFiles/frank_hou.dir/Core/test_1/test.c.obj

.debug_abbrev   0x00000000     0x17dc
 .debug_abbrev  0x00000000      0x11a cmake/stm32cubemx/CMakeFiles/STM32_Drivers.dir/__/__/Core/Src/system_stm32f4xx.c.obj
 .debug_abbrev  0x0000011a      0x30e cmake/stm32cubemx/CMakeFiles/STM32_Drivers.dir/__/__/Drivers/STM32F4xx_HAL_Driver/Src/stm32f4xx_hal_uart.c.obj
 .debug_abbrev  0x00000428      0x2b7 cmake/stm32cubemx/CMakeFiles/STM32_Drivers.dir/__/__/Drivers/STM32F4xx_HAL_Driver/Src/stm32f4xx_hal_rcc.c.obj
 .debug_abbrev  0x000006df      0x1d4 cmake/stm32cubemx/CMakeFiles/STM32_Drivers.dir/__/__/Drivers/STM32F4xx_HAL_Driver/Src/stm32f4xx_hal_gpio.c.obj
 .debug_abbrev  0x000008b3      0x31d cmake/stm32cubemx/CMakeFiles/STM32_Drivers.dir/__/__/Drivers/STM32F4xx_HAL_Driver/Src/stm32f4xx_hal_cortex.c.obj
 .debug_abbrev  0x00000bd0      0x214 cmake/stm32cubemx/CMakeFiles/STM32_Drivers.dir/__/__/Drivers/STM32F4xx_HAL_Driver/Src/stm32f4xx_hal.c.obj
 .debug_abbrev  0x00000de4      0x23c CMakeFiles/frank_hou.dir/Core/Src/main.c.obj
 .debug_abbrev  0x00001020      0x152 CMakeFiles/frank_hou.dir/Core/Src/gpio.c.obj
 .debug_abbrev  0x00001172      0x227 CMakeFiles/frank_hou.dir/Core/Src/usart.c.obj
 .debug_abbrev  0x00001399       0x73 CMakeFiles/frank_hou.dir/Core/Src/stm32f4xx_it.c.obj
 .debug_abbrev  0x0000140c       0xd8 CMakeFiles/frank_hou.dir/Core/Src/stm32f4xx_hal_msp.c.obj
 .debug_abbrev  0x000014e4       0xbc CMakeFiles/frank_hou.dir/Core/Src/sysmem.c.obj
 .debug_abbrev  0x000015a0      0x1b6 CMakeFiles/frank_hou.dir/Core/Src/syscalls.c.obj
 .debug_abbrev  0x00001756       0x24 CMakeFiles/frank_hou.dir/startup_stm32f407xx.s.obj
 .debug_abbrev  0x0000177a       0x62 CMakeFiles/frank_hou.dir/Core/test_1/test.c.obj

.debug_aranges  0x00000000      0x748
 .debug_aranges
                0x00000000       0x28 cmake/stm32cubemx/CMakeFiles/STM32_Drivers.dir/__/__/Core/Src/system_stm32f4xx.c.obj
 .debug_aranges
                0x00000028      0x208 cmake/stm32cubemx/CMakeFiles/STM32_Drivers.dir/__/__/Drivers/STM32F4xx_HAL_Driver/Src/stm32f4xx_hal_uart.c.obj
 .debug_aranges
                0x00000230       0x88 cmake/stm32cubemx/CMakeFiles/STM32_Drivers.dir/__/__/Drivers/STM32F4xx_HAL_Driver/Src/stm32f4xx_hal_rcc.c.obj
 .debug_aranges
                0x000002b8       0x58 cmake/stm32cubemx/CMakeFiles/STM32_Drivers.dir/__/__/Drivers/STM32F4xx_HAL_Driver/Src/stm32f4xx_hal_gpio.c.obj
 .debug_aranges
                0x00000310      0x130 cmake/stm32cubemx/CMakeFiles/STM32_Drivers.dir/__/__/Drivers/STM32F4xx_HAL_Driver/Src/stm32f4xx_hal_cortex.c.obj
 .debug_aranges
                0x00000440       0xf0 cmake/stm32cubemx/CMakeFiles/STM32_Drivers.dir/__/__/Drivers/STM32F4xx_HAL_Driver/Src/stm32f4xx_hal.c.obj
 .debug_aranges
                0x00000530       0x30 CMakeFiles/frank_hou.dir/Core/Src/main.c.obj
 .debug_aranges
                0x00000560       0x20 CMakeFiles/frank_hou.dir/Core/Src/gpio.c.obj
 .debug_aranges
                0x00000580       0x38 CMakeFiles/frank_hou.dir/Core/Src/usart.c.obj
 .debug_aranges
                0x000005b8       0x60 CMakeFiles/frank_hou.dir/Core/Src/stm32f4xx_it.c.obj
 .debug_aranges
                0x00000618       0x20 CMakeFiles/frank_hou.dir/Core/Src/stm32f4xx_hal_msp.c.obj
 .debug_aranges
                0x00000638       0x20 CMakeFiles/frank_hou.dir/Core/Src/sysmem.c.obj
 .debug_aranges
                0x00000658       0xa8 CMakeFiles/frank_hou.dir/Core/Src/syscalls.c.obj
 .debug_aranges
                0x00000700       0x28 CMakeFiles/frank_hou.dir/startup_stm32f407xx.s.obj
 .debug_aranges
                0x00000728       0x20 CMakeFiles/frank_hou.dir/Core/test_1/test.c.obj

.debug_rnglists
                0x00000000      0x573
 .debug_rnglists
                0x00000000       0x1a cmake/stm32cubemx/CMakeFiles/STM32_Drivers.dir/__/__/Core/Src/system_stm32f4xx.c.obj
 .debug_rnglists
                0x0000001a      0x1bc cmake/stm32cubemx/CMakeFiles/STM32_Drivers.dir/__/__/Drivers/STM32F4xx_HAL_Driver/Src/stm32f4xx_hal_uart.c.obj
 .debug_rnglists
                0x000001d6       0x66 cmake/stm32cubemx/CMakeFiles/STM32_Drivers.dir/__/__/Drivers/STM32F4xx_HAL_Driver/Src/stm32f4xx_hal_rcc.c.obj
 .debug_rnglists
                0x0000023c       0x3f cmake/stm32cubemx/CMakeFiles/STM32_Drivers.dir/__/__/Drivers/STM32F4xx_HAL_Driver/Src/stm32f4xx_hal_gpio.c.obj
 .debug_rnglists
                0x0000027b       0xe0 cmake/stm32cubemx/CMakeFiles/STM32_Drivers.dir/__/__/Drivers/STM32F4xx_HAL_Driver/Src/stm32f4xx_hal_cortex.c.obj
 .debug_rnglists
                0x0000035b       0xaf cmake/stm32cubemx/CMakeFiles/STM32_Drivers.dir/__/__/Drivers/STM32F4xx_HAL_Driver/Src/stm32f4xx_hal.c.obj
 .debug_rnglists
                0x0000040a       0x21 CMakeFiles/frank_hou.dir/Core/Src/main.c.obj
 .debug_rnglists
                0x0000042b       0x14 CMakeFiles/frank_hou.dir/Core/Src/gpio.c.obj
 .debug_rnglists
                0x0000043f       0x26 CMakeFiles/frank_hou.dir/Core/Src/usart.c.obj
 .debug_rnglists
                0x00000465       0x43 CMakeFiles/frank_hou.dir/Core/Src/stm32f4xx_it.c.obj
 .debug_rnglists
                0x000004a8       0x13 CMakeFiles/frank_hou.dir/Core/Src/stm32f4xx_hal_msp.c.obj
 .debug_rnglists
                0x000004bb       0x13 CMakeFiles/frank_hou.dir/Core/Src/sysmem.c.obj
 .debug_rnglists
                0x000004ce       0x79 CMakeFiles/frank_hou.dir/Core/Src/syscalls.c.obj
 .debug_rnglists
                0x00000547       0x19 CMakeFiles/frank_hou.dir/startup_stm32f407xx.s.obj
 .debug_rnglists
                0x00000560       0x13 CMakeFiles/frank_hou.dir/Core/test_1/test.c.obj

.debug_macro    0x00000000    0x211ec
 .debug_macro   0x00000000      0x1ba cmake/stm32cubemx/CMakeFiles/STM32_Drivers.dir/__/__/Core/Src/system_stm32f4xx.c.obj
 .debug_macro   0x000001ba      0xad8 cmake/stm32cubemx/CMakeFiles/STM32_Drivers.dir/__/__/Core/Src/system_stm32f4xx.c.obj
 .debug_macro   0x00000c92       0x2e cmake/stm32cubemx/CMakeFiles/STM32_Drivers.dir/__/__/Core/Src/system_stm32f4xx.c.obj
 .debug_macro   0x00000cc0       0x2f cmake/stm32cubemx/CMakeFiles/STM32_Drivers.dir/__/__/Core/Src/system_stm32f4xx.c.obj
 .debug_macro   0x00000cef       0x22 cmake/stm32cubemx/CMakeFiles/STM32_Drivers.dir/__/__/Core/Src/system_stm32f4xx.c.obj
 .debug_macro   0x00000d11       0x8e cmake/stm32cubemx/CMakeFiles/STM32_Drivers.dir/__/__/Core/Src/system_stm32f4xx.c.obj
 .debug_macro   0x00000d9f       0x51 cmake/stm32cubemx/CMakeFiles/STM32_Drivers.dir/__/__/Core/Src/system_stm32f4xx.c.obj
 .debug_macro   0x00000df0      0x103 cmake/stm32cubemx/CMakeFiles/STM32_Drivers.dir/__/__/Core/Src/system_stm32f4xx.c.obj
 .debug_macro   0x00000ef3       0x6a cmake/stm32cubemx/CMakeFiles/STM32_Drivers.dir/__/__/Core/Src/system_stm32f4xx.c.obj
 .debug_macro   0x00000f5d      0x1df cmake/stm32cubemx/CMakeFiles/STM32_Drivers.dir/__/__/Core/Src/system_stm32f4xx.c.obj
 .debug_macro   0x0000113c       0x1c cmake/stm32cubemx/CMakeFiles/STM32_Drivers.dir/__/__/Core/Src/system_stm32f4xx.c.obj
 .debug_macro   0x00001158       0x22 cmake/stm32cubemx/CMakeFiles/STM32_Drivers.dir/__/__/Core/Src/system_stm32f4xx.c.obj
 .debug_macro   0x0000117a       0xfb cmake/stm32cubemx/CMakeFiles/STM32_Drivers.dir/__/__/Core/Src/system_stm32f4xx.c.obj
 .debug_macro   0x00001275     0x1011 cmake/stm32cubemx/CMakeFiles/STM32_Drivers.dir/__/__/Core/Src/system_stm32f4xx.c.obj
 .debug_macro   0x00002286      0x11f cmake/stm32cubemx/CMakeFiles/STM32_Drivers.dir/__/__/Core/Src/system_stm32f4xx.c.obj
 .debug_macro   0x000023a5    0x15ea5 cmake/stm32cubemx/CMakeFiles/STM32_Drivers.dir/__/__/Core/Src/system_stm32f4xx.c.obj
 .debug_macro   0x0001824a       0x6d cmake/stm32cubemx/CMakeFiles/STM32_Drivers.dir/__/__/Core/Src/system_stm32f4xx.c.obj
 .debug_macro   0x000182b7      0x295 cmake/stm32cubemx/CMakeFiles/STM32_Drivers.dir/__/__/Core/Src/system_stm32f4xx.c.obj
 .debug_macro   0x0001854c     0x3693 cmake/stm32cubemx/CMakeFiles/STM32_Drivers.dir/__/__/Core/Src/system_stm32f4xx.c.obj
 .debug_macro   0x0001bbdf      0x190 cmake/stm32cubemx/CMakeFiles/STM32_Drivers.dir/__/__/Core/Src/system_stm32f4xx.c.obj
 .debug_macro   0x0001bd6f       0x5c cmake/stm32cubemx/CMakeFiles/STM32_Drivers.dir/__/__/Core/Src/system_stm32f4xx.c.obj
 .debug_macro   0x0001bdcb      0x980 cmake/stm32cubemx/CMakeFiles/STM32_Drivers.dir/__/__/Core/Src/system_stm32f4xx.c.obj
 .debug_macro   0x0001c74b      0x9e9 cmake/stm32cubemx/CMakeFiles/STM32_Drivers.dir/__/__/Core/Src/system_stm32f4xx.c.obj
 .debug_macro   0x0001d134      0x115 cmake/stm32cubemx/CMakeFiles/STM32_Drivers.dir/__/__/Core/Src/system_stm32f4xx.c.obj
 .debug_macro   0x0001d249      0x13e cmake/stm32cubemx/CMakeFiles/STM32_Drivers.dir/__/__/Core/Src/system_stm32f4xx.c.obj
 .debug_macro   0x0001d387       0xa5 cmake/stm32cubemx/CMakeFiles/STM32_Drivers.dir/__/__/Core/Src/system_stm32f4xx.c.obj
 .debug_macro   0x0001d42c      0x174 cmake/stm32cubemx/CMakeFiles/STM32_Drivers.dir/__/__/Core/Src/system_stm32f4xx.c.obj
 .debug_macro   0x0001d5a0      0x287 cmake/stm32cubemx/CMakeFiles/STM32_Drivers.dir/__/__/Core/Src/system_stm32f4xx.c.obj
 .debug_macro   0x0001d827       0x5f cmake/stm32cubemx/CMakeFiles/STM32_Drivers.dir/__/__/Core/Src/system_stm32f4xx.c.obj
 .debug_macro   0x0001d886      0x236 cmake/stm32cubemx/CMakeFiles/STM32_Drivers.dir/__/__/Core/Src/system_stm32f4xx.c.obj
 .debug_macro   0x0001dabc      0x12c cmake/stm32cubemx/CMakeFiles/STM32_Drivers.dir/__/__/Core/Src/system_stm32f4xx.c.obj
 .debug_macro   0x0001dbe8      0x21e cmake/stm32cubemx/CMakeFiles/STM32_Drivers.dir/__/__/Core/Src/system_stm32f4xx.c.obj
 .debug_macro   0x0001de06       0x2e cmake/stm32cubemx/CMakeFiles/STM32_Drivers.dir/__/__/Core/Src/system_stm32f4xx.c.obj
 .debug_macro   0x0001de34      0x127 cmake/stm32cubemx/CMakeFiles/STM32_Drivers.dir/__/__/Core/Src/system_stm32f4xx.c.obj
 .debug_macro   0x0001df5b       0x7e cmake/stm32cubemx/CMakeFiles/STM32_Drivers.dir/__/__/Core/Src/system_stm32f4xx.c.obj
 .debug_macro   0x0001dfd9       0x89 cmake/stm32cubemx/CMakeFiles/STM32_Drivers.dir/__/__/Core/Src/system_stm32f4xx.c.obj
 .debug_macro   0x0001e062      0x2aa cmake/stm32cubemx/CMakeFiles/STM32_Drivers.dir/__/__/Core/Src/system_stm32f4xx.c.obj
 .debug_macro   0x0001e30c      0x12d cmake/stm32cubemx/CMakeFiles/STM32_Drivers.dir/__/__/Core/Src/system_stm32f4xx.c.obj
 .debug_macro   0x0001e439      0x1bb cmake/stm32cubemx/CMakeFiles/STM32_Drivers.dir/__/__/Drivers/STM32F4xx_HAL_Driver/Src/stm32f4xx_hal_uart.c.obj
 .debug_macro   0x0001e5f4      0x1de cmake/stm32cubemx/CMakeFiles/STM32_Drivers.dir/__/__/Drivers/STM32F4xx_HAL_Driver/Src/stm32f4xx_hal_rcc.c.obj
 .debug_macro   0x0001e7d2      0x1c0 cmake/stm32cubemx/CMakeFiles/STM32_Drivers.dir/__/__/Drivers/STM32F4xx_HAL_Driver/Src/stm32f4xx_hal_gpio.c.obj
 .debug_macro   0x0001e992      0x1ba cmake/stm32cubemx/CMakeFiles/STM32_Drivers.dir/__/__/Drivers/STM32F4xx_HAL_Driver/Src/stm32f4xx_hal_cortex.c.obj
 .debug_macro   0x0001eb4c      0x21a cmake/stm32cubemx/CMakeFiles/STM32_Drivers.dir/__/__/Drivers/STM32F4xx_HAL_Driver/Src/stm32f4xx_hal.c.obj
 .debug_macro   0x0001ed66      0x2b4 CMakeFiles/frank_hou.dir/Core/Src/main.c.obj
 .debug_macro   0x0001f01a       0x58 CMakeFiles/frank_hou.dir/Core/Src/main.c.obj
 .debug_macro   0x0001f072       0x7b CMakeFiles/frank_hou.dir/Core/Src/main.c.obj
 .debug_macro   0x0001f0ed       0x2a CMakeFiles/frank_hou.dir/Core/Src/main.c.obj
 .debug_macro   0x0001f117       0x3c CMakeFiles/frank_hou.dir/Core/Src/main.c.obj
 .debug_macro   0x0001f153       0x34 CMakeFiles/frank_hou.dir/Core/Src/main.c.obj
 .debug_macro   0x0001f187       0x16 CMakeFiles/frank_hou.dir/Core/Src/main.c.obj
 .debug_macro   0x0001f19d       0x3c CMakeFiles/frank_hou.dir/Core/Src/main.c.obj
 .debug_macro   0x0001f1d9      0x364 CMakeFiles/frank_hou.dir/Core/Src/main.c.obj
 .debug_macro   0x0001f53d       0x10 CMakeFiles/frank_hou.dir/Core/Src/main.c.obj
 .debug_macro   0x0001f54d       0x16 CMakeFiles/frank_hou.dir/Core/Src/main.c.obj
 .debug_macro   0x0001f563       0x4a CMakeFiles/frank_hou.dir/Core/Src/main.c.obj
 .debug_macro   0x0001f5ad       0x34 CMakeFiles/frank_hou.dir/Core/Src/main.c.obj
 .debug_macro   0x0001f5e1       0x10 CMakeFiles/frank_hou.dir/Core/Src/main.c.obj
 .debug_macro   0x0001f5f1       0x58 CMakeFiles/frank_hou.dir/Core/Src/main.c.obj
 .debug_macro   0x0001f649      0x1e5 CMakeFiles/frank_hou.dir/Core/Src/main.c.obj
 .debug_macro   0x0001f82e       0x16 CMakeFiles/frank_hou.dir/Core/Src/main.c.obj
 .debug_macro   0x0001f844       0x16 CMakeFiles/frank_hou.dir/Core/Src/main.c.obj
 .debug_macro   0x0001f85a      0x170 CMakeFiles/frank_hou.dir/Core/Src/main.c.obj
 .debug_macro   0x0001f9ca      0x1d3 CMakeFiles/frank_hou.dir/Core/Src/gpio.c.obj
 .debug_macro   0x0001fb9d      0x29c CMakeFiles/frank_hou.dir/Core/Src/usart.c.obj
 .debug_macro   0x0001fe39      0x1d3 CMakeFiles/frank_hou.dir/Core/Src/stm32f4xx_it.c.obj
 .debug_macro   0x0002000c      0x1c9 CMakeFiles/frank_hou.dir/Core/Src/stm32f4xx_hal_msp.c.obj
 .debug_macro   0x000201d5       0xff CMakeFiles/frank_hou.dir/Core/Src/sysmem.c.obj
 .debug_macro   0x000202d4       0x10 CMakeFiles/frank_hou.dir/Core/Src/sysmem.c.obj
 .debug_macro   0x000202e4       0x75 CMakeFiles/frank_hou.dir/Core/Src/sysmem.c.obj
 .debug_macro   0x00020359       0x94 CMakeFiles/frank_hou.dir/Core/Src/sysmem.c.obj
 .debug_macro   0x000203ed       0x57 CMakeFiles/frank_hou.dir/Core/Src/sysmem.c.obj
 .debug_macro   0x00020444      0x23c CMakeFiles/frank_hou.dir/Core/Src/sysmem.c.obj
 .debug_macro   0x00020680      0x265 CMakeFiles/frank_hou.dir/Core/Src/syscalls.c.obj
 .debug_macro   0x000208e5       0x10 CMakeFiles/frank_hou.dir/Core/Src/syscalls.c.obj
 .debug_macro   0x000208f5       0x10 CMakeFiles/frank_hou.dir/Core/Src/syscalls.c.obj
 .debug_macro   0x00020905       0x10 CMakeFiles/frank_hou.dir/Core/Src/syscalls.c.obj
 .debug_macro   0x00020915       0x10 CMakeFiles/frank_hou.dir/Core/Src/syscalls.c.obj
 .debug_macro   0x00020925       0x1c CMakeFiles/frank_hou.dir/Core/Src/syscalls.c.obj
 .debug_macro   0x00020941       0x52 CMakeFiles/frank_hou.dir/Core/Src/syscalls.c.obj
 .debug_macro   0x00020993       0x22 CMakeFiles/frank_hou.dir/Core/Src/syscalls.c.obj
 .debug_macro   0x000209b5       0x10 CMakeFiles/frank_hou.dir/Core/Src/syscalls.c.obj
 .debug_macro   0x000209c5       0x52 CMakeFiles/frank_hou.dir/Core/Src/syscalls.c.obj
 .debug_macro   0x00020a17       0xcf CMakeFiles/frank_hou.dir/Core/Src/syscalls.c.obj
 .debug_macro   0x00020ae6       0x1c CMakeFiles/frank_hou.dir/Core/Src/syscalls.c.obj
 .debug_macro   0x00020b02       0x3d CMakeFiles/frank_hou.dir/Core/Src/syscalls.c.obj
 .debug_macro   0x00020b3f       0x35 CMakeFiles/frank_hou.dir/Core/Src/syscalls.c.obj
 .debug_macro   0x00020b74      0x12c CMakeFiles/frank_hou.dir/Core/Src/syscalls.c.obj
 .debug_macro   0x00020ca0       0x16 CMakeFiles/frank_hou.dir/Core/Src/syscalls.c.obj
 .debug_macro   0x00020cb6       0x16 CMakeFiles/frank_hou.dir/Core/Src/syscalls.c.obj
 .debug_macro   0x00020ccc       0x29 CMakeFiles/frank_hou.dir/Core/Src/syscalls.c.obj
 .debug_macro   0x00020cf5      0x242 CMakeFiles/frank_hou.dir/Core/Src/syscalls.c.obj
 .debug_macro   0x00020f37       0x1c CMakeFiles/frank_hou.dir/Core/Src/syscalls.c.obj
 .debug_macro   0x00020f53       0x10 CMakeFiles/frank_hou.dir/Core/Src/syscalls.c.obj
 .debug_macro   0x00020f63      0x18a CMakeFiles/frank_hou.dir/Core/Src/syscalls.c.obj
 .debug_macro   0x000210ed       0x16 CMakeFiles/frank_hou.dir/Core/Src/syscalls.c.obj
 .debug_macro   0x00021103       0xce CMakeFiles/frank_hou.dir/Core/Src/syscalls.c.obj
 .debug_macro   0x000211d1       0x1b CMakeFiles/frank_hou.dir/Core/test_1/test.c.obj

.debug_line     0x00000000     0x7cff
 .debug_line    0x00000000      0x606 cmake/stm32cubemx/CMakeFiles/STM32_Drivers.dir/__/__/Core/Src/system_stm32f4xx.c.obj
 .debug_line    0x00000606     0x23ca cmake/stm32cubemx/CMakeFiles/STM32_Drivers.dir/__/__/Drivers/STM32F4xx_HAL_Driver/Src/stm32f4xx_hal_uart.c.obj
 .debug_line    0x000029d0      0xc91 cmake/stm32cubemx/CMakeFiles/STM32_Drivers.dir/__/__/Drivers/STM32F4xx_HAL_Driver/Src/stm32f4xx_hal_rcc.c.obj
 .debug_line    0x00003661      0x9da cmake/stm32cubemx/CMakeFiles/STM32_Drivers.dir/__/__/Drivers/STM32F4xx_HAL_Driver/Src/stm32f4xx_hal_gpio.c.obj
 .debug_line    0x0000403b      0xb52 cmake/stm32cubemx/CMakeFiles/STM32_Drivers.dir/__/__/Drivers/STM32F4xx_HAL_Driver/Src/stm32f4xx_hal_cortex.c.obj
 .debug_line    0x00004b8d      0x882 cmake/stm32cubemx/CMakeFiles/STM32_Drivers.dir/__/__/Drivers/STM32F4xx_HAL_Driver/Src/stm32f4xx_hal.c.obj
 .debug_line    0x0000540f      0x7bc CMakeFiles/frank_hou.dir/Core/Src/main.c.obj
 .debug_line    0x00005bcb      0x5b6 CMakeFiles/frank_hou.dir/Core/Src/gpio.c.obj
 .debug_line    0x00006181      0x6a2 CMakeFiles/frank_hou.dir/Core/Src/usart.c.obj
 .debug_line    0x00006823      0x63f CMakeFiles/frank_hou.dir/Core/Src/stm32f4xx_it.c.obj
 .debug_line    0x00006e62      0x590 CMakeFiles/frank_hou.dir/Core/Src/stm32f4xx_hal_msp.c.obj
 .debug_line    0x000073f2      0x278 CMakeFiles/frank_hou.dir/Core/Src/sysmem.c.obj
 .debug_line    0x0000766a      0x59c CMakeFiles/frank_hou.dir/Core/Src/syscalls.c.obj
 .debug_line    0x00007c06       0x7a CMakeFiles/frank_hou.dir/startup_stm32f407xx.s.obj
 .debug_line    0x00007c80       0x7f CMakeFiles/frank_hou.dir/Core/test_1/test.c.obj

.debug_str      0x00000000    0xc4424
 .debug_str     0x00000000    0xc4424 cmake/stm32cubemx/CMakeFiles/STM32_Drivers.dir/__/__/Core/Src/system_stm32f4xx.c.obj
                              0xbcf19 (size before relaxing)
 .debug_str     0x000c4424    0xbd92e cmake/stm32cubemx/CMakeFiles/STM32_Drivers.dir/__/__/Drivers/STM32F4xx_HAL_Driver/Src/stm32f4xx_hal_uart.c.obj
 .debug_str     0x000c4424    0xbd34d cmake/stm32cubemx/CMakeFiles/STM32_Drivers.dir/__/__/Drivers/STM32F4xx_HAL_Driver/Src/stm32f4xx_hal_rcc.c.obj
 .debug_str     0x000c4424    0xbd094 cmake/stm32cubemx/CMakeFiles/STM32_Drivers.dir/__/__/Drivers/STM32F4xx_HAL_Driver/Src/stm32f4xx_hal_gpio.c.obj
 .debug_str     0x000c4424    0xbd819 cmake/stm32cubemx/CMakeFiles/STM32_Drivers.dir/__/__/Drivers/STM32F4xx_HAL_Driver/Src/stm32f4xx_hal_cortex.c.obj
 .debug_str     0x000c4424    0xbda9d cmake/stm32cubemx/CMakeFiles/STM32_Drivers.dir/__/__/Drivers/STM32F4xx_HAL_Driver/Src/stm32f4xx_hal.c.obj
 .debug_str     0x000c4424    0xc048c CMakeFiles/frank_hou.dir/Core/Src/main.c.obj
 .debug_str     0x000c4424    0xbd058 CMakeFiles/frank_hou.dir/Core/Src/gpio.c.obj
 .debug_str     0x000c4424    0xc0722 CMakeFiles/frank_hou.dir/Core/Src/usart.c.obj
 .debug_str     0x000c4424    0xbcf13 CMakeFiles/frank_hou.dir/Core/Src/stm32f4xx_it.c.obj
 .debug_str     0x000c4424    0xbcf8d CMakeFiles/frank_hou.dir/Core/Src/stm32f4xx_hal_msp.c.obj
 .debug_str     0x000c4424     0x711d CMakeFiles/frank_hou.dir/Core/Src/sysmem.c.obj
 .debug_str     0x000c4424     0x9418 CMakeFiles/frank_hou.dir/Core/Src/syscalls.c.obj
 .debug_str     0x000c4424       0x8c CMakeFiles/frank_hou.dir/startup_stm32f407xx.s.obj
 .debug_str     0x000c4424     0x2e7e CMakeFiles/frank_hou.dir/Core/test_1/test.c.obj

.debug_line_str
                0x00000000      0x22e
 .debug_line_str
                0x00000000      0x22e CMakeFiles/frank_hou.dir/startup_stm32f407xx.s.obj
                                 0x70 (size before relaxing)
 .debug_line_str
                0x0000022e       0xcd D:/PROGRA~2/STM32_~1/gcc_arm/bin/../lib/gcc/arm-none-eabi/14.3.1/thumb/v7e-m+fp/hard\libgcc.a(_aeabi_uldivmod.o)
 .debug_line_str
                0x0000022e       0xd1 D:/PROGRA~2/STM32_~1/gcc_arm/bin/../lib/gcc/arm-none-eabi/14.3.1/thumb/v7e-m+fp/hard\libgcc.a(_dvmd_tls.o)
 .debug_line_str
                0x0000022e       0xe5 D:/PROGRA~2/STM32_~1/gcc_arm/bin/../lib/gcc/arm-none-eabi/14.3.1/../../../../arm-none-eabi/lib/thumb/v7e-m+fp/hard\libg_nano.a(libc_a-memchr.o)
